[2026-01-20 17:01:59,512: INFO: main: Welcome to Fraud Prediction]
[2026-01-20 22:32:57,186: INFO: common: yaml file: config\config.yaml loaded successfully]
[2026-01-20 22:32:57,196: INFO: common: yaml file: params.yaml loaded successfully]
[2026-01-20 22:32:57,197: INFO: common: created directory at: artifacts]
[2026-01-20 22:32:57,199: INFO: common: created directory at: artifacts/data_ingestion]
[2026-01-21 15:34:51,301: INFO: common: yaml file: config\config.yaml loaded successfully]
[2026-01-21 15:34:51,326: INFO: common: yaml file: params.yaml loaded successfully]
[2026-01-21 15:34:51,326: INFO: common: created directory at: artifacts]
[2026-01-21 15:34:51,328: INFO: common: created directory at: artifacts/data_ingestion]
[2026-01-21 17:28:28,806: INFO: common: yaml file: config\config.yaml loaded successfully]
[2026-01-21 17:28:28,808: INFO: common: yaml file: params.yaml loaded successfully]
[2026-01-21 17:28:28,809: INFO: common: created directory at: artifacts]
[2026-01-21 17:28:28,809: INFO: common: created directory at: artifacts/data_ingestion]
[2026-01-21 17:28:39,219: INFO: common: yaml file: config\config.yaml loaded successfully]
[2026-01-21 17:28:39,219: INFO: common: yaml file: params.yaml loaded successfully]
[2026-01-21 17:28:39,219: INFO: common: created directory at: artifacts]
[2026-01-21 17:28:39,219: INFO: common: created directory at: artifacts/data_ingestion]
[2026-01-21 17:29:48,908: INFO: common: yaml file: config\config.yaml loaded successfully]
[2026-01-21 17:29:48,908: INFO: common: yaml file: params.yaml loaded successfully]
[2026-01-21 17:29:48,913: INFO: common: created directory at: artifacts]
[2026-01-21 17:29:48,914: INFO: common: created directory at: artifacts/data_ingestion]
[2026-01-21 17:30:47,970: INFO: common: yaml file: config\config.yaml loaded successfully]
[2026-01-21 17:30:47,971: INFO: common: yaml file: params.yaml loaded successfully]
[2026-01-21 17:30:47,972: INFO: common: created directory at: artifacts]
[2026-01-21 17:30:47,973: INFO: common: created directory at: artifacts/data_ingestion]
[2026-01-21 17:30:47,974: INFO: 3987678721: Downloading data from https://drive.google.com/file/d/1xHzaCHq6gEXFmYN2Cc2Yb1jVxaAayb2y/view?usp=drive_link into file artifacts/data_ingestion/data.zip]
[2026-01-21 17:32:07,841: INFO: common: yaml file: config\config.yaml loaded successfully]
[2026-01-21 17:32:07,844: INFO: common: yaml file: params.yaml loaded successfully]
[2026-01-21 17:32:07,847: INFO: common: created directory at: artifacts]
[2026-01-21 17:32:07,847: INFO: common: created directory at: artifacts/data_ingestion]
[2026-01-21 17:32:07,848: INFO: 3987678721: Downloading data from https://drive.google.com/file/d/1xHzaCHq6gEXFmYN2Cc2Yb1jVxaAayb2y/view?usp=drive_link into file artifacts/data_ingestion/data.zip]
[2026-01-21 17:32:09,741: INFO: 3987678721: Downloaded data from https://drive.google.com/file/d/1xHzaCHq6gEXFmYN2Cc2Yb1jVxaAayb2y/view?usp=drive_link into file artifacts/data_ingestion/data.zip]
[2026-01-21 17:35:28,043: INFO: common: yaml file: config\config.yaml loaded successfully]
[2026-01-21 17:35:28,048: INFO: common: yaml file: params.yaml loaded successfully]
[2026-01-21 17:35:28,049: INFO: common: created directory at: artifacts]
[2026-01-21 17:35:28,050: INFO: common: created directory at: artifacts/data_ingestion]
[2026-01-21 17:35:28,051: INFO: 3987678721: Downloading data from https://drive.google.com/uc?export=download&id=1xHzaCHq6gEXFmYN2Cc2Yb1jVxaAayb2y into file artifacts/data_ingestion/data.zip]
[2026-01-21 17:36:03,330: INFO: common: yaml file: config\config.yaml loaded successfully]
[2026-01-21 17:36:03,333: INFO: common: yaml file: params.yaml loaded successfully]
[2026-01-21 17:36:03,333: INFO: common: created directory at: artifacts]
[2026-01-21 17:36:03,334: INFO: common: created directory at: artifacts/data_ingestion]
[2026-01-21 17:36:03,335: INFO: 3987678721: Downloading data from https://drive.google.com/uc?export=download&id=1xHzaCHq6gEXFmYN2Cc2Yb1jVxaAayb2y into file artifacts/data_ingestion/data.zip]
[2026-01-21 17:37:58,644: INFO: common: yaml file: config\config.yaml loaded successfully]
[2026-01-21 17:37:58,645: INFO: common: yaml file: params.yaml loaded successfully]
[2026-01-21 17:37:58,647: INFO: common: created directory at: artifacts]
[2026-01-21 17:37:58,648: INFO: common: created directory at: artifacts/data_ingestion]
[2026-01-21 17:37:58,649: INFO: 3987678721: Downloading data from https://drive.google.com/uc?export=download&id=1xHzaCHq6gEXFmYN2Cc2Yb1jVxaAayb2y into file artifacts/data_ingestion/data.zip]
[2026-01-21 17:38:18,356: INFO: common: yaml file: config\config.yaml loaded successfully]
[2026-01-21 17:38:18,360: INFO: common: yaml file: params.yaml loaded successfully]
[2026-01-21 17:38:18,360: INFO: common: created directory at: artifacts]
[2026-01-21 17:38:18,360: INFO: common: created directory at: artifacts/data_ingestion]
[2026-01-21 17:38:18,363: INFO: 1573109824: Downloading data from https://drive.google.com/uc?export=download&id=1xHzaCHq6gEXFmYN2Cc2Yb1jVxaAayb2y into file artifacts/data_ingestion/data.zip]
[2026-01-21 17:38:18,670: INFO: 1573109824: Downloaded data from https://drive.google.com/uc?export=download&id=1xHzaCHq6gEXFmYN2Cc2Yb1jVxaAayb2y into file artifacts/data_ingestion/data.zip]
[2026-01-21 17:43:11,356: INFO: common: yaml file: config\config.yaml loaded successfully]
[2026-01-21 17:43:11,358: INFO: common: yaml file: params.yaml loaded successfully]
[2026-01-21 17:43:11,359: INFO: common: created directory at: artifacts]
[2026-01-21 17:43:11,360: INFO: common: created directory at: artifacts/data_ingestion]
[2026-01-21 17:43:11,361: INFO: 1758635471: Downloading data from https://drive.google.com/uc?export=download&id=1xHzaCHq6gEXFmYN2Cc2Yb1jVxaAayb2y into file artifacts/data_ingestion/data.zip]
[2026-01-21 17:47:00,288: INFO: common: yaml file: config\config.yaml loaded successfully]
[2026-01-21 17:47:00,288: INFO: common: yaml file: params.yaml loaded successfully]
[2026-01-21 17:47:00,294: INFO: common: created directory at: artifacts]
[2026-01-21 17:47:00,296: INFO: common: created directory at: artifacts/data_ingestion]
[2026-01-21 17:47:00,298: INFO: 3277652497: Downloading data from https://drive.google.com/uc?export=download&id=1xHzaCHq6gEXFmYN2Cc2Yb1jVxaAayb2y into file artifacts/data_ingestion/data.zip]
[2026-01-21 17:47:02,169: INFO: 3277652497: Downloaded data successfully into file artifacts/data_ingestion/data.zip]
[2026-01-22 10:06:07,593: INFO: common: yaml file: config\config.yaml loaded successfully]
[2026-01-22 10:06:07,608: INFO: common: yaml file: params.yaml loaded successfully]
[2026-01-22 10:06:07,610: INFO: common: created directory at: artifacts]
[2026-01-22 10:06:07,613: INFO: common: created directory at: artifacts/data_ingestion]
[2026-01-22 10:06:07,615: INFO: 3277652497: Downloading data from https://drive.google.com/uc?export=download&id=1xHzaCHq6gEXFmYN2Cc2Yb1jVxaAayb2y&confirm=t into file artifacts/data_ingestion/data.zip]
[2026-01-22 10:06:09,816: INFO: 3277652497: Downloaded data successfully into file artifacts/data_ingestion/data.zip]
[2026-01-22 11:22:05,857: INFO: common: yaml file: config\config.yaml loaded successfully]
[2026-01-22 11:22:05,859: INFO: common: yaml file: params.yaml loaded successfully]
[2026-01-22 11:22:05,861: INFO: common: created directory at: artifacts]
[2026-01-22 11:22:05,863: INFO: common: created directory at: artifacts/data_ingestion]
[2026-01-22 11:22:05,863: INFO: 1989599501: Downloading data from : 1xHzaCHq6gEXFmYN2Cc2Yb1jVxaAayb2y]
[2026-01-22 11:22:08,214: INFO: 1989599501: Downloaded successfully into artifacts/data_ingestion/data.zip]
[2026-01-22 11:22:59,751: INFO: common: yaml file: config\config.yaml loaded successfully]
[2026-01-22 11:22:59,755: INFO: common: yaml file: params.yaml loaded successfully]
[2026-01-22 11:22:59,758: INFO: common: created directory at: artifacts]
[2026-01-22 11:22:59,759: INFO: common: created directory at: artifacts/data_ingestion]
[2026-01-22 11:22:59,760: INFO: 1989599501: Downloading data from : 1xHzaCHq6gEXFmYN2Cc2Yb1jVxaAayb2y]
[2026-01-22 11:23:02,312: INFO: 1989599501: Downloaded successfully into artifacts/data_ingestion/data.zip]
[2026-01-22 11:25:34,783: INFO: common: yaml file: config\config.yaml loaded successfully]
[2026-01-22 11:25:34,783: INFO: common: yaml file: params.yaml loaded successfully]
[2026-01-22 11:25:34,783: INFO: common: created directory at: artifacts]
[2026-01-22 11:25:34,783: INFO: common: created directory at: artifacts/data_ingestion]
[2026-01-22 11:25:34,783: INFO: 108848852: Downloading data from : 1xHzaCHq6gEXFmYN2Cc2Yb1jVxaAayb2y]
[2026-01-22 11:25:37,008: INFO: 108848852: Downloaded successfully into artifacts/data_ingestion/data.zip]
[2026-01-22 11:25:55,210: INFO: common: yaml file: config\config.yaml loaded successfully]
[2026-01-22 11:25:55,213: INFO: common: yaml file: params.yaml loaded successfully]
[2026-01-22 11:25:55,213: INFO: common: created directory at: artifacts]
[2026-01-22 11:25:55,213: INFO: common: created directory at: artifacts/data_ingestion]
[2026-01-22 11:25:55,213: INFO: 108848852: Downloading data from : 1xHzaCHq6gEXFmYN2Cc2Yb1jVxaAayb2y]
[2026-01-22 11:25:57,463: INFO: 108848852: Downloaded successfully into artifacts/data_ingestion/data.zip]
[2026-01-22 11:28:47,828: INFO: common: yaml file: config\config.yaml loaded successfully]
[2026-01-22 11:28:47,830: INFO: common: yaml file: params.yaml loaded successfully]
[2026-01-22 11:28:47,830: INFO: common: created directory at: artifacts]
[2026-01-22 11:28:47,832: INFO: common: created directory at: artifacts/data_ingestion]
[2026-01-22 11:28:47,832: INFO: 1020280437: Removed corrupted file : artifacts/data_ingestion/data.zip]
[2026-01-22 11:28:47,832: INFO: 1020280437: Downloading data from : 1xHzaCHq6gEXFmYN2Cc2Yb1jVxaAayb2y]
[2026-01-22 11:28:50,040: INFO: 1020280437: Downloaded successfully into artifacts/data_ingestion/data.zip]
[2026-01-22 11:30:05,340: INFO: common: yaml file: config\config.yaml loaded successfully]
[2026-01-22 11:30:05,342: INFO: common: yaml file: params.yaml loaded successfully]
[2026-01-22 11:30:05,342: INFO: common: created directory at: artifacts]
[2026-01-22 11:30:05,346: INFO: common: created directory at: artifacts/data_ingestion]
[2026-01-22 11:30:05,347: INFO: 1020280437: Removed corrupted file : artifacts/data_ingestion/data.zip]
[2026-01-22 11:30:05,348: INFO: 1020280437: Downloading data from : 1xHzaCHq6gEXFmYN2Cc2Yb1jVxaAayb2y]
[2026-01-22 11:30:07,452: INFO: 1020280437: Downloaded successfully into artifacts/data_ingestion/data.zip]
[2026-01-22 11:37:55,334: INFO: common: yaml file: config\config.yaml loaded successfully]
[2026-01-22 11:37:55,336: INFO: common: yaml file: params.yaml loaded successfully]
[2026-01-22 11:37:55,339: INFO: common: created directory at: artifacts]
[2026-01-22 11:37:55,340: INFO: common: created directory at: artifacts/data_ingestion]
[2026-01-22 11:39:43,543: INFO: common: yaml file: config\config.yaml loaded successfully]
[2026-01-22 11:39:43,544: INFO: common: yaml file: params.yaml loaded successfully]
[2026-01-22 11:39:43,550: INFO: common: created directory at: artifacts]
[2026-01-22 11:39:43,552: INFO: common: created directory at: artifacts/data_ingestion]
[2026-01-22 15:55:38,820: INFO: utils: Note: NumExpr detected 22 cores but "NUMEXPR_MAX_THREADS" not set, so enforcing safe limit of 16.]
[2026-01-22 15:55:38,821: INFO: utils: NumExpr defaulting to 16 threads.]
[2026-01-22 17:04:58,638: INFO: common: yaml file: config\config.yaml loaded successfully]
[2026-01-22 17:04:58,657: INFO: common: yaml file: params.yaml loaded successfully]
[2026-01-22 17:04:58,660: INFO: common: created directory at: artifacts]
[2026-01-22 17:04:58,662: INFO: common: created directory at: artifacts/prepare_base_model]
[2026-01-22 17:33:53,350: INFO: common: yaml file: config\config.yaml loaded successfully]
[2026-01-22 17:33:53,356: INFO: common: yaml file: params.yaml loaded successfully]
[2026-01-22 17:33:53,358: INFO: common: created directory at: artifacts]
[2026-01-22 17:33:53,359: INFO: common: created directory at: artifacts/prepare_base_model]
[2026-01-22 17:34:25,519: INFO: common: yaml file: config\config.yaml loaded successfully]
[2026-01-22 17:34:25,524: INFO: common: yaml file: params.yaml loaded successfully]
[2026-01-22 17:34:25,525: INFO: common: created directory at: artifacts]
[2026-01-22 17:34:25,528: INFO: common: created directory at: artifacts/prepare_base_model]
[2026-01-22 17:34:53,540: INFO: common: yaml file: config\config.yaml loaded successfully]
[2026-01-22 17:34:53,542: INFO: common: yaml file: params.yaml loaded successfully]
[2026-01-22 17:34:53,546: INFO: common: created directory at: artifacts]
[2026-01-22 17:34:53,548: INFO: common: created directory at: artifacts/prepare_base_model]
[2026-01-22 17:35:15,701: INFO: common: yaml file: config\config.yaml loaded successfully]
[2026-01-22 17:35:15,704: INFO: common: yaml file: params.yaml loaded successfully]
[2026-01-22 17:35:15,708: INFO: common: created directory at: artifacts]
[2026-01-22 17:35:15,709: INFO: common: created directory at: artifacts/prepare_base_model]
[2026-01-22 17:40:33,373: INFO: utils: Note: NumExpr detected 22 cores but "NUMEXPR_MAX_THREADS" not set, so enforcing safe limit of 16.]
[2026-01-22 17:40:33,374: INFO: utils: NumExpr defaulting to 16 threads.]
[2026-01-22 17:40:38,408: INFO: common: yaml file: config\config.yaml loaded successfully]
[2026-01-22 17:40:38,413: INFO: common: yaml file: params.yaml loaded successfully]
[2026-01-22 17:40:38,414: INFO: common: created directory at: artifacts]
[2026-01-22 17:40:38,416: INFO: common: created directory at: artifacts/prepare_base_model]
[2026-01-22 17:41:45,483: INFO: utils: Note: NumExpr detected 22 cores but "NUMEXPR_MAX_THREADS" not set, so enforcing safe limit of 16.]
[2026-01-22 17:41:45,484: INFO: utils: NumExpr defaulting to 16 threads.]
[2026-01-22 17:41:50,184: INFO: common: yaml file: config\config.yaml loaded successfully]
[2026-01-22 17:41:50,188: INFO: common: yaml file: params.yaml loaded successfully]
[2026-01-22 17:41:50,192: INFO: common: created directory at: artifacts]
[2026-01-22 17:41:50,194: INFO: common: created directory at: artifacts/prepare_base_model]
[2026-01-22 17:47:11,175: INFO: utils: Note: NumExpr detected 22 cores but "NUMEXPR_MAX_THREADS" not set, so enforcing safe limit of 16.]
[2026-01-22 17:47:11,176: INFO: utils: NumExpr defaulting to 16 threads.]
[2026-01-22 17:47:15,964: INFO: common: yaml file: config\config.yaml loaded successfully]
[2026-01-22 17:47:15,971: INFO: common: yaml file: params.yaml loaded successfully]
[2026-01-22 17:47:15,975: INFO: common: created directory at: artifacts]
[2026-01-22 17:47:15,977: INFO: common: created directory at: artifacts/prepare_base_model]
[2026-01-22 17:48:23,937: INFO: utils: Note: NumExpr detected 22 cores but "NUMEXPR_MAX_THREADS" not set, so enforcing safe limit of 16.]
[2026-01-22 17:48:23,938: INFO: utils: NumExpr defaulting to 16 threads.]
[2026-01-22 17:48:28,877: INFO: common: yaml file: config\config.yaml loaded successfully]
[2026-01-22 17:48:28,882: INFO: common: yaml file: params.yaml loaded successfully]
[2026-01-22 17:48:28,887: INFO: common: created directory at: artifacts]
[2026-01-22 17:48:28,889: INFO: common: created directory at: artifacts/prepare_base_model]
[2026-01-22 17:49:15,166: INFO: utils: Note: NumExpr detected 22 cores but "NUMEXPR_MAX_THREADS" not set, so enforcing safe limit of 16.]
[2026-01-22 17:49:15,167: INFO: utils: NumExpr defaulting to 16 threads.]
[2026-01-22 17:49:19,749: INFO: common: yaml file: config\config.yaml loaded successfully]
[2026-01-22 17:49:19,751: INFO: common: yaml file: params.yaml loaded successfully]
[2026-01-22 17:49:19,753: INFO: common: created directory at: artifacts]
[2026-01-22 17:49:19,754: INFO: common: created directory at: artifacts/prepare_base_model]
[2026-01-22 17:53:49,320: INFO: utils: Note: NumExpr detected 22 cores but "NUMEXPR_MAX_THREADS" not set, so enforcing safe limit of 16.]
[2026-01-22 17:53:49,322: INFO: utils: NumExpr defaulting to 16 threads.]
[2026-01-22 17:53:54,317: INFO: common: yaml file: config\config.yaml loaded successfully]
[2026-01-22 17:53:54,321: INFO: common: yaml file: params.yaml loaded successfully]
[2026-01-22 17:53:54,324: INFO: common: created directory at: artifacts]
[2026-01-22 17:53:54,325: INFO: common: created directory at: artifacts/prepare_base_model]
[2026-01-22 17:55:51,590: INFO: utils: Note: NumExpr detected 22 cores but "NUMEXPR_MAX_THREADS" not set, so enforcing safe limit of 16.]
[2026-01-22 17:55:51,591: INFO: utils: NumExpr defaulting to 16 threads.]
[2026-01-22 17:55:56,011: INFO: common: yaml file: config\config.yaml loaded successfully]
[2026-01-22 17:55:56,016: INFO: common: yaml file: params.yaml loaded successfully]
[2026-01-22 17:55:56,018: INFO: common: created directory at: artifacts]
[2026-01-22 17:55:56,020: INFO: common: created directory at: artifacts/prepare_base_model]
[2026-01-22 18:03:15,963: INFO: utils: Note: NumExpr detected 22 cores but "NUMEXPR_MAX_THREADS" not set, so enforcing safe limit of 16.]
[2026-01-22 18:03:15,965: INFO: utils: NumExpr defaulting to 16 threads.]
[2026-01-22 18:03:20,580: INFO: common: yaml file: config\config.yaml loaded successfully]
[2026-01-22 18:03:20,585: INFO: common: yaml file: params.yaml loaded successfully]
[2026-01-22 18:03:20,587: INFO: common: created directory at: artifacts]
[2026-01-22 18:03:20,587: INFO: common: created directory at: artifacts/prepare_base_model]
[2026-01-22 18:07:28,409: INFO: utils: Note: NumExpr detected 22 cores but "NUMEXPR_MAX_THREADS" not set, so enforcing safe limit of 16.]
[2026-01-22 18:07:28,410: INFO: utils: NumExpr defaulting to 16 threads.]
[2026-01-22 18:07:31,093: INFO: common: yaml file: config\config.yaml loaded successfully]
[2026-01-22 18:07:31,095: INFO: common: yaml file: params.yaml loaded successfully]
[2026-01-22 18:07:31,096: INFO: common: created directory at: artifacts]
[2026-01-22 18:07:31,098: INFO: common: created directory at: artifacts/prepare_base_model]
[2026-01-22 18:11:54,305: INFO: utils: Note: NumExpr detected 22 cores but "NUMEXPR_MAX_THREADS" not set, so enforcing safe limit of 16.]
[2026-01-22 18:11:54,305: INFO: utils: NumExpr defaulting to 16 threads.]
[2026-01-22 18:11:57,018: INFO: common: yaml file: config\config.yaml loaded successfully]
[2026-01-22 18:11:57,020: INFO: common: yaml file: params.yaml loaded successfully]
[2026-01-22 18:11:57,021: INFO: common: created directory at: artifacts]
[2026-01-22 18:11:57,022: INFO: common: created directory at: artifacts/prepare_base_model]
[2026-01-22 18:11:57,067: WARNING: saving_api: You are saving your model as an HDF5 file via `model.save()` or `keras.saving.save_model(model)`. This file format is considered legacy. We recommend using instead the native Keras format, e.g. `model.save('my_model.keras')` or `keras.saving.save_model(model, 'my_model.keras')`. ]
[2026-01-22 18:11:57,078: INFO: 2701345188: Model saved at: artifacts\prepare_base_model\base_model.h5]
[2026-01-22 18:13:49,303: INFO: utils: Note: NumExpr detected 22 cores but "NUMEXPR_MAX_THREADS" not set, so enforcing safe limit of 16.]
[2026-01-22 18:13:49,303: INFO: utils: NumExpr defaulting to 16 threads.]
[2026-01-22 18:13:52,103: INFO: common: yaml file: config\config.yaml loaded successfully]
[2026-01-22 18:13:52,105: INFO: common: yaml file: params.yaml loaded successfully]
[2026-01-22 18:13:52,107: INFO: common: created directory at: artifacts]
[2026-01-22 18:13:52,107: INFO: common: created directory at: artifacts/prepare_base_model]
[2026-01-22 18:13:52,152: WARNING: saving_api: You are saving your model as an HDF5 file via `model.save()` or `keras.saving.save_model(model)`. This file format is considered legacy. We recommend using instead the native Keras format, e.g. `model.save('my_model.keras')` or `keras.saving.save_model(model, 'my_model.keras')`. ]
[2026-01-22 18:13:52,178: INFO: 2701345188: Model saved at: artifacts\prepare_base_model\base_model.h5]
[2026-01-22 18:14:33,548: INFO: utils: Note: NumExpr detected 22 cores but "NUMEXPR_MAX_THREADS" not set, so enforcing safe limit of 16.]
[2026-01-22 18:14:33,548: INFO: utils: NumExpr defaulting to 16 threads.]
[2026-01-22 18:14:36,196: INFO: common: yaml file: config\config.yaml loaded successfully]
[2026-01-22 18:14:36,197: INFO: common: yaml file: params.yaml loaded successfully]
[2026-01-22 18:14:36,197: INFO: common: created directory at: artifacts]
[2026-01-22 18:14:36,201: INFO: common: created directory at: artifacts/prepare_base_model]
[2026-01-22 18:14:36,246: WARNING: saving_api: You are saving your model as an HDF5 file via `model.save()` or `keras.saving.save_model(model)`. This file format is considered legacy. We recommend using instead the native Keras format, e.g. `model.save('my_model.keras')` or `keras.saving.save_model(model, 'my_model.keras')`. ]
[2026-01-22 18:14:36,277: INFO: 1034978456: Model saved at: artifacts\prepare_base_model\base_model.h5]
[2026-01-22 18:14:36,305: WARNING: saving_api: You are saving your model as an HDF5 file via `model.save()` or `keras.saving.save_model(model)`. This file format is considered legacy. We recommend using instead the native Keras format, e.g. `model.save('my_model.keras')` or `keras.saving.save_model(model, 'my_model.keras')`. ]
[2026-01-22 18:14:36,317: INFO: 1034978456: Model saved at: artifacts\prepare_base_model\base_model_updated.h5]
[2026-01-23 14:32:24,730: INFO: utils: Note: NumExpr detected 22 cores but "NUMEXPR_MAX_THREADS" not set, so enforcing safe limit of 16.]
[2026-01-23 14:32:24,730: INFO: utils: NumExpr defaulting to 16 threads.]
[2026-01-23 14:32:27,615: INFO: main: >>>>>> Stage Data Ingestion stage started <<<<<<]
[2026-01-23 14:32:27,618: INFO: common: yaml file: config\config.yaml loaded successfully]
[2026-01-23 14:32:27,642: ERROR: main: 'charmap' codec can't decode byte 0x81 in position 33: character maps to <undefined>]
Traceback (most recent call last):
  File "C:\Users\artit\IKP_2025\fraud_prediction\main.py", line 10, in <module>
    obj.main()
  File "C:\Users\artit\IKP_2025\fraud_prediction\src\fraud_prediction\pipeline\stage_01_data_ingestion.py", line 12, in main
    config = ConfigurationManager()
  File "C:\Users\artit\IKP_2025\fraud_prediction\src\fraud_prediction\config\configuration.py", line 17, in __init__
    self.params = read_yaml(params_filepath)
  File "C:\Users\artit\miniconda3\envs\fraud_final\lib\site-packages\ensure\main.py", line 872, in __call__
    return_val = self.f(*args, **kwargs)
  File "C:\Users\artit\IKP_2025\fraud_prediction\src\fraud_prediction\utils\common.py", line 35, in read_yaml
    raise e
  File "C:\Users\artit\IKP_2025\fraud_prediction\src\fraud_prediction\utils\common.py", line 29, in read_yaml
    content = yaml.safe_load(yaml_file)
  File "C:\Users\artit\miniconda3\envs\fraud_final\lib\site-packages\yaml\__init__.py", line 125, in safe_load
    return load(stream, SafeLoader)
  File "C:\Users\artit\miniconda3\envs\fraud_final\lib\site-packages\yaml\__init__.py", line 79, in load
    loader = Loader(stream)
  File "C:\Users\artit\miniconda3\envs\fraud_final\lib\site-packages\yaml\loader.py", line 34, in __init__
    Reader.__init__(self, stream)
  File "C:\Users\artit\miniconda3\envs\fraud_final\lib\site-packages\yaml\reader.py", line 85, in __init__
    self.determine_encoding()
  File "C:\Users\artit\miniconda3\envs\fraud_final\lib\site-packages\yaml\reader.py", line 124, in determine_encoding
    self.update_raw()
  File "C:\Users\artit\miniconda3\envs\fraud_final\lib\site-packages\yaml\reader.py", line 178, in update_raw
    data = self.stream.read(size)
  File "C:\Users\artit\miniconda3\envs\fraud_final\lib\encodings\cp1252.py", line 23, in decode
    return codecs.charmap_decode(input,self.errors,decoding_table)[0]
UnicodeDecodeError: 'charmap' codec can't decode byte 0x81 in position 33: character maps to <undefined>
[2026-01-23 15:01:46,033: INFO: utils: Note: NumExpr detected 22 cores but "NUMEXPR_MAX_THREADS" not set, so enforcing safe limit of 16.]
[2026-01-23 15:01:46,033: INFO: utils: NumExpr defaulting to 16 threads.]
[2026-01-23 15:01:47,930: INFO: main: >>>>>> Stage Data Ingestion stage started <<<<<<]
[2026-01-23 15:01:47,931: INFO: common: yaml file: config\config.yaml loaded successfully]
[2026-01-23 15:01:47,933: INFO: common: yaml file: params.yaml loaded successfully]
[2026-01-23 15:01:47,933: INFO: common: created directory at: artifacts]
[2026-01-23 15:01:47,933: INFO: common: created directory at: artifacts/data_ingestion]
[2026-01-23 15:01:47,937: INFO: data_ingestion: Removed corrupted file : artifacts/data_ingestion/fraud_data.zip]
[2026-01-23 15:01:47,937: INFO: data_ingestion: Downloading data from : 1xHzaCHq6gEXFmYN2Cc2Yb1jVxaAayb2y]
[2026-01-23 15:01:50,374: INFO: data_ingestion: Downloaded successfully into artifacts/data_ingestion/fraud_data.zip]
[2026-01-23 15:01:50,375: INFO: main: >>>>>> Stage Data Ingestion stage completed <<<<<<

x==========x]
[2026-01-23 15:01:50,375: INFO: main: ***************]
[2026-01-23 15:01:50,376: INFO: main: >>>>>> Stage Prepare base model started <<<<<<]
[2026-01-23 15:01:50,379: INFO: common: yaml file: config\config.yaml loaded successfully]
[2026-01-23 15:01:50,383: INFO: common: yaml file: params.yaml loaded successfully]
[2026-01-23 15:01:50,384: INFO: common: created directory at: artifacts]
[2026-01-23 15:01:50,385: INFO: common: created directory at: artifacts/prepare_base_model]
[2026-01-23 15:01:50,385: ERROR: main: "'ConfigBox' object has no attribute 'updated_base_model_path'"]
Traceback (most recent call last):
  File "box\\box.py", line 594, in box.box.Box.__getitem__
KeyError: 'updated_base_model_path'

The above exception was the direct cause of the following exception:

Traceback (most recent call last):
  File "box\\box.py", line 633, in box.box.Box.__getattr__
  File "box\\box.py", line 621, in box.box.Box.__getitem__
box.exceptions.BoxKeyError: "'updated_base_model_path'"

During handling of the above exception, another exception occurred:

Traceback (most recent call last):
  File "box\\box.py", line 635, in box.box.Box.__getattr__
AttributeError: 'ConfigBox' object has no attribute 'updated_base_model_path'. Did you mean: 'update_base_model_path'?

The above exception was the direct cause of the following exception:

Traceback (most recent call last):
  File "box\\config_box.py", line 29, in box.config_box.ConfigBox.__getattr__
  File "box\\box.py", line 649, in box.box.Box.__getattr__
box.exceptions.BoxKeyError: "'ConfigBox' object has no attribute 'updated_base_model_path'"

During handling of the above exception, another exception occurred:

Traceback (most recent call last):
  File "box\\box.py", line 594, in box.box.Box.__getitem__
KeyError: 'updated_base_model_path'

The above exception was the direct cause of the following exception:

Traceback (most recent call last):
  File "box\\box.py", line 633, in box.box.Box.__getattr__
  File "box\\box.py", line 621, in box.box.Box.__getitem__
box.exceptions.BoxKeyError: "'updated_base_model_path'"

During handling of the above exception, another exception occurred:

Traceback (most recent call last):
  File "box\\box.py", line 635, in box.box.Box.__getattr__
AttributeError: 'ConfigBox' object has no attribute 'updated_base_model_path'. Did you mean: 'update_base_model_path'?

The above exception was the direct cause of the following exception:

Traceback (most recent call last):
  File "C:\Users\artit\IKP_2025\fraud_prediction\main.py", line 21, in <module>
    prepare_base_model.main()
  File "C:\Users\artit\IKP_2025\fraud_prediction\src\fraud_prediction\pipeline\stage_02_prepare_base_model.py", line 13, in main
    prepare_base_model_config = config.get_prepare_base_model_config()
  File "C:\Users\artit\IKP_2025\fraud_prediction\src\fraud_prediction\config\configuration.py", line 46, in get_prepare_base_model_config
    updated_base_model_path=Path(config.updated_base_model_path),
  File "box\\config_box.py", line 31, in box.config_box.ConfigBox.__getattr__
  File "box\\box.py", line 649, in box.box.Box.__getattr__
box.exceptions.BoxKeyError: "'ConfigBox' object has no attribute 'updated_base_model_path'". Did you mean: 'update_base_model_path'?
[2026-01-23 15:03:46,555: INFO: utils: Note: NumExpr detected 22 cores but "NUMEXPR_MAX_THREADS" not set, so enforcing safe limit of 16.]
[2026-01-23 15:03:46,556: INFO: utils: NumExpr defaulting to 16 threads.]
[2026-01-23 15:03:48,661: INFO: main: >>>>>> Stage Data Ingestion stage started <<<<<<]
[2026-01-23 15:03:48,668: INFO: common: yaml file: config\config.yaml loaded successfully]
[2026-01-23 15:03:48,671: INFO: common: yaml file: params.yaml loaded successfully]
[2026-01-23 15:03:48,671: INFO: common: created directory at: artifacts]
[2026-01-23 15:03:48,671: INFO: common: created directory at: artifacts/data_ingestion]
[2026-01-23 15:03:48,674: INFO: data_ingestion: Removed corrupted file : artifacts/data_ingestion/fraud_data.zip]
[2026-01-23 15:03:48,674: INFO: data_ingestion: Downloading data from : 1xHzaCHq6gEXFmYN2Cc2Yb1jVxaAayb2y]
[2026-01-23 15:03:50,718: INFO: data_ingestion: Downloaded successfully into artifacts/data_ingestion/fraud_data.zip]
[2026-01-23 15:03:50,718: INFO: main: >>>>>> Stage Data Ingestion stage completed <<<<<<

x==========x]
[2026-01-23 15:03:50,718: INFO: main: ***************]
[2026-01-23 15:03:50,719: INFO: main: >>>>>> Stage Prepare base model started <<<<<<]
[2026-01-23 15:03:50,722: INFO: common: yaml file: config\config.yaml loaded successfully]
[2026-01-23 15:03:50,727: INFO: common: yaml file: params.yaml loaded successfully]
[2026-01-23 15:03:50,728: INFO: common: created directory at: artifacts]
[2026-01-23 15:03:50,729: INFO: common: created directory at: artifacts/prepare_base_model]
[2026-01-23 15:03:50,858: WARNING: saving_api: You are saving your model as an HDF5 file via `model.save()` or `keras.saving.save_model(model)`. This file format is considered legacy. We recommend using instead the native Keras format, e.g. `model.save('my_model.keras')` or `keras.saving.save_model(model, 'my_model.keras')`. ]
[2026-01-23 15:03:50,887: INFO: prepare_base_model: Model saved at: artifacts\prepare_base_model\base_model.h5]
[2026-01-23 15:03:50,921: WARNING: saving_api: You are saving your model as an HDF5 file via `model.save()` or `keras.saving.save_model(model)`. This file format is considered legacy. We recommend using instead the native Keras format, e.g. `model.save('my_model.keras')` or `keras.saving.save_model(model, 'my_model.keras')`. ]
[2026-01-23 15:03:50,941: INFO: prepare_base_model: Model saved at: artifacts\prepare_base_model\base_model_updated.h5]
[2026-01-23 15:03:50,941: INFO: main: >>>>>> Stage Prepare base model completed <<<<<<

x==========x]
[2026-01-23 15:12:53,829: INFO: utils: Note: NumExpr detected 22 cores but "NUMEXPR_MAX_THREADS" not set, so enforcing safe limit of 16.]
[2026-01-23 15:12:53,831: INFO: utils: NumExpr defaulting to 16 threads.]
[2026-01-23 17:51:50,607: INFO: utils: Note: NumExpr detected 22 cores but "NUMEXPR_MAX_THREADS" not set, so enforcing safe limit of 16.]
[2026-01-23 17:51:50,609: INFO: utils: NumExpr defaulting to 16 threads.]
[2026-01-23 17:53:46,471: INFO: common: yaml file: config\config.yaml loaded successfully]
[2026-01-23 17:53:46,473: INFO: common: yaml file: params.yaml loaded successfully]
[2026-01-23 17:53:46,475: INFO: common: created directory at: artifacts]
[2026-01-23 17:56:53,281: INFO: common: yaml file: config\config.yaml loaded successfully]
[2026-01-23 17:56:53,287: INFO: common: yaml file: params.yaml loaded successfully]
[2026-01-23 17:56:53,289: INFO: common: created directory at: artifacts]
[2026-01-23 17:56:53,291: INFO: common: created directory at: artifacts\training]
[2026-01-23 17:59:31,844: INFO: common: yaml file: config\config.yaml loaded successfully]
[2026-01-23 17:59:31,850: INFO: common: yaml file: params.yaml loaded successfully]
[2026-01-23 17:59:31,852: INFO: common: created directory at: artifacts]
[2026-01-23 17:59:31,853: INFO: common: created directory at: artifacts\training]
[2026-01-23 18:03:13,908: INFO: common: yaml file: config\config.yaml loaded successfully]
[2026-01-23 18:03:13,911: INFO: common: yaml file: params.yaml loaded successfully]
[2026-01-23 18:03:13,914: INFO: common: created directory at: artifacts]
[2026-01-23 18:03:13,918: INFO: common: created directory at: artifacts\training]
[2026-01-23 18:03:14,074: WARNING: saving_utils: Compiled the loaded model, but the compiled metrics have yet to be built. `model.compile_metrics` will be empty until you train or evaluate the model.]
[2026-01-23 18:05:15,765: INFO: common: yaml file: config\config.yaml loaded successfully]
[2026-01-23 18:05:15,771: INFO: common: yaml file: params.yaml loaded successfully]
[2026-01-23 18:05:15,774: INFO: common: created directory at: artifacts]
[2026-01-23 18:05:15,777: INFO: common: created directory at: artifacts\training]
[2026-01-23 18:05:15,835: WARNING: saving_utils: Compiled the loaded model, but the compiled metrics have yet to be built. `model.compile_metrics` will be empty until you train or evaluate the model.]
[2026-01-23 18:05:36,878: INFO: common: yaml file: config\config.yaml loaded successfully]
[2026-01-23 18:05:36,884: INFO: common: yaml file: params.yaml loaded successfully]
[2026-01-23 18:05:36,886: INFO: common: created directory at: artifacts]
[2026-01-23 18:05:36,888: INFO: common: created directory at: artifacts\training]
[2026-01-23 18:05:36,954: WARNING: saving_utils: Compiled the loaded model, but the compiled metrics have yet to be built. `model.compile_metrics` will be empty until you train or evaluate the model.]
[2026-01-23 18:05:51,860: INFO: common: yaml file: config\config.yaml loaded successfully]
[2026-01-23 18:05:51,863: INFO: common: yaml file: params.yaml loaded successfully]
[2026-01-23 18:05:51,866: INFO: common: created directory at: artifacts]
[2026-01-23 18:05:51,869: INFO: common: created directory at: artifacts\training]
[2026-01-23 18:05:51,924: WARNING: saving_utils: Compiled the loaded model, but the compiled metrics have yet to be built. `model.compile_metrics` will be empty until you train or evaluate the model.]
[2026-01-23 18:07:05,756: INFO: common: yaml file: config\config.yaml loaded successfully]
[2026-01-23 18:07:05,763: INFO: common: yaml file: params.yaml loaded successfully]
[2026-01-23 18:07:05,765: INFO: common: created directory at: artifacts]
[2026-01-23 18:07:05,768: INFO: common: created directory at: artifacts\training]
[2026-01-23 18:07:05,820: WARNING: saving_utils: Compiled the loaded model, but the compiled metrics have yet to be built. `model.compile_metrics` will be empty until you train or evaluate the model.]
[2026-01-23 18:10:41,062: INFO: common: yaml file: config\config.yaml loaded successfully]
[2026-01-23 18:10:41,064: INFO: common: yaml file: params.yaml loaded successfully]
[2026-01-23 18:10:41,065: INFO: common: created directory at: artifacts]
[2026-01-23 18:10:41,066: INFO: common: created directory at: artifacts\training]
[2026-01-23 18:10:41,103: WARNING: saving_utils: Compiled the loaded model, but the compiled metrics have yet to be built. `model.compile_metrics` will be empty until you train or evaluate the model.]
[2026-01-23 18:13:12,886: INFO: utils: Note: NumExpr detected 22 cores but "NUMEXPR_MAX_THREADS" not set, so enforcing safe limit of 16.]
[2026-01-23 18:13:12,887: INFO: utils: NumExpr defaulting to 16 threads.]
[2026-01-23 18:13:14,319: INFO: common: yaml file: config\config.yaml loaded successfully]
[2026-01-23 18:13:14,323: INFO: common: yaml file: params.yaml loaded successfully]
[2026-01-23 18:13:14,327: INFO: common: created directory at: artifacts]
[2026-01-23 18:13:14,329: INFO: common: created directory at: artifacts\training]
[2026-01-23 18:13:14,445: WARNING: saving_utils: Compiled the loaded model, but the compiled metrics have yet to be built. `model.compile_metrics` will be empty until you train or evaluate the model.]
[2026-01-23 18:13:24,257: INFO: common: yaml file: config\config.yaml loaded successfully]
[2026-01-23 18:13:24,263: INFO: common: yaml file: params.yaml loaded successfully]
[2026-01-23 18:13:24,267: INFO: common: created directory at: artifacts]
[2026-01-23 18:13:24,270: INFO: common: created directory at: artifacts\training]
[2026-01-23 18:13:24,331: WARNING: saving_utils: Compiled the loaded model, but the compiled metrics have yet to be built. `model.compile_metrics` will be empty until you train or evaluate the model.]
[2026-01-23 18:14:11,073: INFO: common: yaml file: config\config.yaml loaded successfully]
[2026-01-23 18:14:11,079: INFO: common: yaml file: params.yaml loaded successfully]
[2026-01-23 18:14:11,082: INFO: common: created directory at: artifacts]
[2026-01-23 18:14:11,084: INFO: common: created directory at: artifacts\training]
[2026-01-23 18:14:11,146: WARNING: saving_utils: Compiled the loaded model, but the compiled metrics have yet to be built. `model.compile_metrics` will be empty until you train or evaluate the model.]
[2026-01-23 18:15:33,542: INFO: common: yaml file: config\config.yaml loaded successfully]
[2026-01-23 18:15:33,545: INFO: common: yaml file: params.yaml loaded successfully]
[2026-01-23 18:15:33,547: INFO: common: created directory at: artifacts]
[2026-01-23 18:15:33,549: INFO: common: created directory at: artifacts\training]
[2026-01-23 18:15:33,606: WARNING: saving_utils: Compiled the loaded model, but the compiled metrics have yet to be built. `model.compile_metrics` will be empty until you train or evaluate the model.]
[2026-01-23 18:18:52,358: INFO: common: yaml file: config\config.yaml loaded successfully]
[2026-01-23 18:18:52,360: INFO: common: yaml file: params.yaml loaded successfully]
[2026-01-23 18:18:52,362: INFO: common: created directory at: artifacts]
[2026-01-23 18:18:52,364: INFO: common: created directory at: artifacts\training]
[2026-01-23 18:18:52,405: WARNING: saving_utils: Compiled the loaded model, but the compiled metrics have yet to be built. `model.compile_metrics` will be empty until you train or evaluate the model.]
[2026-01-23 18:20:08,231: INFO: utils: Note: NumExpr detected 22 cores but "NUMEXPR_MAX_THREADS" not set, so enforcing safe limit of 16.]
[2026-01-23 18:20:08,232: INFO: utils: NumExpr defaulting to 16 threads.]
[2026-01-23 18:20:10,380: INFO: main: >>>>>> Stage Data Ingestion stage started <<<<<<]
[2026-01-23 18:20:10,384: INFO: common: yaml file: config\config.yaml loaded successfully]
[2026-01-23 18:20:10,424: INFO: common: yaml file: params.yaml loaded successfully]
[2026-01-23 18:20:10,426: INFO: common: created directory at: artifacts]
[2026-01-23 18:20:10,426: INFO: common: created directory at: artifacts/data_ingestion]
[2026-01-23 18:20:10,429: INFO: data_ingestion: Removed corrupted file : artifacts/data_ingestion/fraud_data.zip]
[2026-01-23 18:20:10,429: INFO: data_ingestion: Downloading data from : 1xHzaCHq6gEXFmYN2Cc2Yb1jVxaAayb2y]
[2026-01-23 18:20:12,539: INFO: data_ingestion: Downloaded successfully into artifacts/data_ingestion/fraud_data.zip]
[2026-01-23 18:20:12,541: INFO: main: >>>>>> Stage Data Ingestion stage completed <<<<<<

x==========x]
[2026-01-23 18:20:12,541: INFO: main: ***************]
[2026-01-23 18:20:12,541: INFO: main: >>>>>> Stage Prepare base model started <<<<<<]
[2026-01-23 18:20:12,545: INFO: common: yaml file: config\config.yaml loaded successfully]
[2026-01-23 18:20:12,549: INFO: common: yaml file: params.yaml loaded successfully]
[2026-01-23 18:20:12,551: INFO: common: created directory at: artifacts]
[2026-01-23 18:20:12,554: INFO: common: created directory at: artifacts/prepare_base_model]
[2026-01-23 18:20:12,640: WARNING: saving_api: You are saving your model as an HDF5 file via `model.save()` or `keras.saving.save_model(model)`. This file format is considered legacy. We recommend using instead the native Keras format, e.g. `model.save('my_model.keras')` or `keras.saving.save_model(model, 'my_model.keras')`. ]
[2026-01-23 18:20:12,696: INFO: prepare_base_model: Model saved at: artifacts\prepare_base_model\base_model.h5]
[2026-01-23 18:20:12,738: WARNING: saving_api: You are saving your model as an HDF5 file via `model.save()` or `keras.saving.save_model(model)`. This file format is considered legacy. We recommend using instead the native Keras format, e.g. `model.save('my_model.keras')` or `keras.saving.save_model(model, 'my_model.keras')`. ]
[2026-01-23 18:20:12,765: INFO: prepare_base_model: Model saved at: artifacts\prepare_base_model\base_model_updated.h5]
[2026-01-23 18:20:12,766: INFO: main: >>>>>> Stage Prepare base model completed <<<<<<

x==========x]
[2026-01-23 18:20:32,342: INFO: utils: Note: NumExpr detected 22 cores but "NUMEXPR_MAX_THREADS" not set, so enforcing safe limit of 16.]
[2026-01-23 18:20:32,343: INFO: utils: NumExpr defaulting to 16 threads.]
[2026-01-23 18:20:33,548: INFO: common: yaml file: config\config.yaml loaded successfully]
[2026-01-23 18:20:33,551: INFO: common: yaml file: params.yaml loaded successfully]
[2026-01-23 18:20:33,552: INFO: common: created directory at: artifacts]
[2026-01-23 18:20:33,555: INFO: common: created directory at: artifacts\training]
[2026-01-23 18:20:33,651: WARNING: saving_utils: Compiled the loaded model, but the compiled metrics have yet to be built. `model.compile_metrics` will be empty until you train or evaluate the model.]
[2026-01-23 18:20:42,513: INFO: common: yaml file: config\config.yaml loaded successfully]
[2026-01-23 18:20:42,516: INFO: common: yaml file: params.yaml loaded successfully]
[2026-01-23 18:20:42,517: INFO: common: created directory at: artifacts]
[2026-01-23 18:20:42,518: INFO: common: created directory at: artifacts\training]
[2026-01-23 18:20:42,553: WARNING: saving_utils: Compiled the loaded model, but the compiled metrics have yet to be built. `model.compile_metrics` will be empty until you train or evaluate the model.]
[2026-01-23 18:23:14,229: INFO: common: yaml file: config\config.yaml loaded successfully]
[2026-01-23 18:23:14,234: INFO: common: yaml file: params.yaml loaded successfully]
[2026-01-23 18:23:14,236: INFO: common: created directory at: artifacts]
[2026-01-23 18:23:14,240: INFO: common: created directory at: artifacts\training]
[2026-01-23 18:23:14,288: WARNING: saving_utils: Compiled the loaded model, but the compiled metrics have yet to be built. `model.compile_metrics` will be empty until you train or evaluate the model.]
[2026-01-23 18:23:53,836: INFO: utils: Note: NumExpr detected 22 cores but "NUMEXPR_MAX_THREADS" not set, so enforcing safe limit of 16.]
[2026-01-23 18:23:53,836: INFO: utils: NumExpr defaulting to 16 threads.]
[2026-01-23 18:23:55,850: INFO: main: >>>>>> Stage Data Ingestion stage started <<<<<<]
[2026-01-23 18:23:55,851: INFO: common: yaml file: config\config.yaml loaded successfully]
[2026-01-23 18:23:55,877: INFO: common: yaml file: params.yaml loaded successfully]
[2026-01-23 18:23:55,879: INFO: common: created directory at: artifacts]
[2026-01-23 18:23:55,882: INFO: common: created directory at: artifacts/data_ingestion]
[2026-01-23 18:23:55,882: INFO: data_ingestion: Removed corrupted file : artifacts/data_ingestion/fraud_data.zip]
[2026-01-23 18:23:55,884: INFO: data_ingestion: Downloading data from : 1xHzaCHq6gEXFmYN2Cc2Yb1jVxaAayb2y]
[2026-01-23 18:23:57,885: INFO: data_ingestion: Downloaded successfully into artifacts/data_ingestion/fraud_data.zip]
[2026-01-23 18:23:57,885: INFO: main: >>>>>> Stage Data Ingestion stage completed <<<<<<

x==========x]
[2026-01-23 18:23:57,886: INFO: main: ***************]
[2026-01-23 18:23:57,886: INFO: main: >>>>>> Stage Prepare base model started <<<<<<]
[2026-01-23 18:23:57,890: INFO: common: yaml file: config\config.yaml loaded successfully]
[2026-01-23 18:23:57,893: INFO: common: yaml file: params.yaml loaded successfully]
[2026-01-23 18:23:57,894: INFO: common: created directory at: artifacts]
[2026-01-23 18:23:57,895: INFO: common: created directory at: artifacts/prepare_base_model]
[2026-01-23 18:23:58,004: WARNING: saving_api: You are saving your model as an HDF5 file via `model.save()` or `keras.saving.save_model(model)`. This file format is considered legacy. We recommend using instead the native Keras format, e.g. `model.save('my_model.keras')` or `keras.saving.save_model(model, 'my_model.keras')`. ]
[2026-01-23 18:23:58,058: INFO: prepare_base_model: Model saved at: artifacts\prepare_base_model\base_model.h5]
[2026-01-23 18:23:58,098: WARNING: saving_api: You are saving your model as an HDF5 file via `model.save()` or `keras.saving.save_model(model)`. This file format is considered legacy. We recommend using instead the native Keras format, e.g. `model.save('my_model.keras')` or `keras.saving.save_model(model, 'my_model.keras')`. ]
[2026-01-23 18:23:58,125: INFO: prepare_base_model: Model saved at: artifacts\prepare_base_model\base_model_updated.h5]
[2026-01-23 18:23:58,125: INFO: main: >>>>>> Stage Prepare base model completed <<<<<<

x==========x]
[2026-01-23 18:24:19,006: INFO: common: yaml file: config\config.yaml loaded successfully]
[2026-01-23 18:24:19,012: INFO: common: yaml file: params.yaml loaded successfully]
[2026-01-23 18:24:19,015: INFO: common: created directory at: artifacts]
[2026-01-23 18:24:19,018: INFO: common: created directory at: artifacts\training]
[2026-01-23 18:24:19,089: WARNING: saving_utils: Compiled the loaded model, but the compiled metrics have yet to be built. `model.compile_metrics` will be empty until you train or evaluate the model.]
[2026-01-23 18:25:10,323: INFO: common: yaml file: config\config.yaml loaded successfully]
[2026-01-23 18:25:10,329: INFO: common: yaml file: params.yaml loaded successfully]
[2026-01-23 18:25:10,330: INFO: common: created directory at: artifacts]
[2026-01-23 18:25:10,333: INFO: common: created directory at: artifacts\training]
[2026-01-23 18:25:10,383: WARNING: saving_utils: Compiled the loaded model, but the compiled metrics have yet to be built. `model.compile_metrics` will be empty until you train or evaluate the model.]
[2026-01-23 18:27:24,840: INFO: common: yaml file: config\config.yaml loaded successfully]
[2026-01-23 18:27:24,846: INFO: common: yaml file: params.yaml loaded successfully]
[2026-01-23 18:27:24,849: INFO: common: created directory at: artifacts]
[2026-01-23 18:27:24,851: INFO: common: created directory at: artifacts\training]
[2026-01-23 18:27:24,923: WARNING: saving_utils: Compiled the loaded model, but the compiled metrics have yet to be built. `model.compile_metrics` will be empty until you train or evaluate the model.]
[2026-01-23 18:28:12,290: INFO: common: yaml file: config\config.yaml loaded successfully]
[2026-01-23 18:28:12,293: INFO: common: yaml file: params.yaml loaded successfully]
[2026-01-23 18:28:12,295: INFO: common: created directory at: artifacts]
[2026-01-23 18:28:12,297: INFO: common: created directory at: artifacts\training]
[2026-01-23 18:28:12,341: WARNING: saving_utils: Compiled the loaded model, but the compiled metrics have yet to be built. `model.compile_metrics` will be empty until you train or evaluate the model.]
[2026-01-26 13:23:35,022: INFO: utils: Note: NumExpr detected 22 cores but "NUMEXPR_MAX_THREADS" not set, so enforcing safe limit of 16.]
[2026-01-26 13:23:35,022: INFO: utils: NumExpr defaulting to 16 threads.]
[2026-01-26 13:37:46,833: INFO: common: yaml file: config\config.yaml loaded successfully]
[2026-01-26 13:37:46,843: INFO: common: yaml file: params.yaml loaded successfully]
[2026-01-26 13:37:46,845: INFO: common: created directory at: artifacts]
[2026-01-26 13:37:46,849: INFO: common: created directory at: artifacts\training]
[2026-01-26 13:37:47,066: WARNING: saving_utils: Compiled the loaded model, but the compiled metrics have yet to be built. `model.compile_metrics` will be empty until you train or evaluate the model.]
[2026-01-26 13:42:30,316: INFO: utils: Note: NumExpr detected 22 cores but "NUMEXPR_MAX_THREADS" not set, so enforcing safe limit of 16.]
[2026-01-26 13:42:30,321: INFO: utils: NumExpr defaulting to 16 threads.]
[2026-01-26 13:42:43,758: INFO: common: yaml file: config\config.yaml loaded successfully]
[2026-01-26 13:42:43,764: INFO: common: yaml file: params.yaml loaded successfully]
[2026-01-26 13:42:43,767: INFO: common: created directory at: artifacts]
[2026-01-26 13:42:43,769: INFO: common: created directory at: artifacts\training]
[2026-01-26 13:42:43,923: WARNING: saving_utils: Compiled the loaded model, but the compiled metrics have yet to be built. `model.compile_metrics` will be empty until you train or evaluate the model.]
[2026-01-26 13:46:16,677: INFO: utils: Note: NumExpr detected 22 cores but "NUMEXPR_MAX_THREADS" not set, so enforcing safe limit of 16.]
[2026-01-26 13:46:16,679: INFO: utils: NumExpr defaulting to 16 threads.]
[2026-01-26 13:46:18,072: INFO: common: yaml file: config\config.yaml loaded successfully]
[2026-01-26 13:46:18,074: INFO: common: yaml file: params.yaml loaded successfully]
[2026-01-26 13:46:18,079: INFO: common: created directory at: artifacts]
[2026-01-26 13:46:18,081: INFO: common: created directory at: artifacts\training]
[2026-01-26 13:46:18,201: WARNING: saving_utils: Compiled the loaded model, but the compiled metrics have yet to be built. `model.compile_metrics` will be empty until you train or evaluate the model.]
[2026-01-26 13:50:07,596: INFO: utils: Note: NumExpr detected 22 cores but "NUMEXPR_MAX_THREADS" not set, so enforcing safe limit of 16.]
[2026-01-26 13:50:07,596: INFO: utils: NumExpr defaulting to 16 threads.]
[2026-01-26 13:50:09,193: INFO: common: yaml file: config\config.yaml loaded successfully]
[2026-01-26 13:50:09,198: INFO: common: yaml file: params.yaml loaded successfully]
[2026-01-26 13:50:09,199: INFO: common: created directory at: artifacts]
[2026-01-26 13:50:09,201: INFO: common: created directory at: artifacts\training]
[2026-01-26 13:50:09,311: WARNING: saving_utils: Compiled the loaded model, but the compiled metrics have yet to be built. `model.compile_metrics` will be empty until you train or evaluate the model.]
[2026-01-26 14:34:43,199: INFO: utils: Note: NumExpr detected 22 cores but "NUMEXPR_MAX_THREADS" not set, so enforcing safe limit of 16.]
[2026-01-26 14:34:43,201: INFO: utils: NumExpr defaulting to 16 threads.]
[2026-01-26 14:34:44,641: INFO: common: yaml file: config\config.yaml loaded successfully]
[2026-01-26 14:34:44,657: INFO: common: yaml file: params.yaml loaded successfully]
[2026-01-26 14:34:44,660: INFO: common: created directory at: artifacts]
[2026-01-26 14:34:44,660: INFO: common: created directory at: artifacts\training]
[2026-01-26 14:34:44,779: WARNING: saving_utils: Compiled the loaded model, but the compiled metrics have yet to be built. `model.compile_metrics` will be empty until you train or evaluate the model.]
[2026-01-26 14:34:46,772: WARNING: saving_api: You are saving your model as an HDF5 file via `model.save()` or `keras.saving.save_model(model)`. This file format is considered legacy. We recommend using instead the native Keras format, e.g. `model.save('my_model.keras')` or `keras.saving.save_model(model, 'my_model.keras')`. ]
[2026-01-26 14:39:54,325: INFO: utils: Note: NumExpr detected 22 cores but "NUMEXPR_MAX_THREADS" not set, so enforcing safe limit of 16.]
[2026-01-26 14:39:54,326: INFO: utils: NumExpr defaulting to 16 threads.]
[2026-01-26 14:39:55,543: INFO: common: yaml file: config\config.yaml loaded successfully]
[2026-01-26 14:39:55,546: INFO: common: yaml file: params.yaml loaded successfully]
[2026-01-26 14:39:55,548: INFO: common: created directory at: artifacts]
[2026-01-26 14:39:55,550: INFO: common: created directory at: artifacts\training]
[2026-01-26 14:39:55,657: WARNING: saving_utils: Compiled the loaded model, but the compiled metrics have yet to be built. `model.compile_metrics` will be empty until you train or evaluate the model.]
[2026-01-26 14:39:57,796: WARNING: saving_api: You are saving your model as an HDF5 file via `model.save()` or `keras.saving.save_model(model)`. This file format is considered legacy. We recommend using instead the native Keras format, e.g. `model.save('my_model.keras')` or `keras.saving.save_model(model, 'my_model.keras')`. ]
[2026-01-26 14:48:37,405: INFO: utils: Note: NumExpr detected 22 cores but "NUMEXPR_MAX_THREADS" not set, so enforcing safe limit of 16.]
[2026-01-26 14:48:37,406: INFO: utils: NumExpr defaulting to 16 threads.]
[2026-01-26 14:48:38,843: INFO: common: yaml file: config\config.yaml loaded successfully]
[2026-01-26 14:48:38,860: INFO: common: yaml file: params.yaml loaded successfully]
[2026-01-26 14:48:38,860: INFO: common: created directory at: artifacts]
[2026-01-26 14:48:38,868: INFO: common: created directory at: artifacts\training]
[2026-01-26 14:48:38,993: WARNING: saving_utils: Compiled the loaded model, but the compiled metrics have yet to be built. `model.compile_metrics` will be empty until you train or evaluate the model.]
[2026-01-26 14:48:42,955: WARNING: saving_api: You are saving your model as an HDF5 file via `model.save()` or `keras.saving.save_model(model)`. This file format is considered legacy. We recommend using instead the native Keras format, e.g. `model.save('my_model.keras')` or `keras.saving.save_model(model, 'my_model.keras')`. ]
[2026-01-26 14:50:09,515: INFO: common: yaml file: config\config.yaml loaded successfully]
[2026-01-26 14:50:09,531: INFO: common: yaml file: params.yaml loaded successfully]
[2026-01-26 14:50:09,533: INFO: common: created directory at: artifacts]
[2026-01-26 14:50:09,535: INFO: common: created directory at: artifacts\training]
[2026-01-26 14:50:09,576: WARNING: saving_utils: Compiled the loaded model, but the compiled metrics have yet to be built. `model.compile_metrics` will be empty until you train or evaluate the model.]
[2026-01-26 14:50:14,683: WARNING: saving_api: You are saving your model as an HDF5 file via `model.save()` or `keras.saving.save_model(model)`. This file format is considered legacy. We recommend using instead the native Keras format, e.g. `model.save('my_model.keras')` or `keras.saving.save_model(model, 'my_model.keras')`. ]
[2026-01-26 14:50:33,753: INFO: common: yaml file: config\config.yaml loaded successfully]
[2026-01-26 14:50:33,769: INFO: common: yaml file: params.yaml loaded successfully]
[2026-01-26 14:50:33,772: INFO: common: created directory at: artifacts]
[2026-01-26 14:50:33,773: INFO: common: created directory at: artifacts\training]
[2026-01-26 14:50:34,001: WARNING: saving_utils: Compiled the loaded model, but the compiled metrics have yet to be built. `model.compile_metrics` will be empty until you train or evaluate the model.]
[2026-01-26 14:50:43,872: WARNING: saving_api: You are saving your model as an HDF5 file via `model.save()` or `keras.saving.save_model(model)`. This file format is considered legacy. We recommend using instead the native Keras format, e.g. `model.save('my_model.keras')` or `keras.saving.save_model(model, 'my_model.keras')`. ]
[2026-01-26 15:03:04,035: INFO: utils: Note: NumExpr detected 22 cores but "NUMEXPR_MAX_THREADS" not set, so enforcing safe limit of 16.]
[2026-01-26 15:03:04,035: INFO: utils: NumExpr defaulting to 16 threads.]
[2026-01-26 15:03:06,115: INFO: main: >>>>>> Stage Data Ingestion stage started <<<<<<]
[2026-01-26 15:03:06,118: INFO: common: yaml file: config\config.yaml loaded successfully]
[2026-01-26 15:03:06,121: INFO: common: yaml file: params.yaml loaded successfully]
[2026-01-26 15:03:06,122: INFO: common: created directory at: artifacts]
[2026-01-26 15:03:06,122: INFO: common: created directory at: artifacts/data_ingestion]
[2026-01-26 15:03:06,123: INFO: data_ingestion: Removed corrupted file : artifacts/data_ingestion/fraud_data.zip]
[2026-01-26 15:03:06,123: INFO: data_ingestion: Downloading data from : 1xHzaCHq6gEXFmYN2Cc2Yb1jVxaAayb2y]
[2026-01-26 15:03:08,305: INFO: data_ingestion: Downloaded successfully into artifacts/data_ingestion/fraud_data.zip]
[2026-01-26 15:03:08,306: INFO: main: >>>>>> Stage Data Ingestion stage completed <<<<<<

x==========x]
[2026-01-26 15:03:08,306: INFO: main: ***************]
[2026-01-26 15:03:08,307: INFO: main: >>>>>> Stage Prepare base model started <<<<<<]
[2026-01-26 15:03:08,312: INFO: common: yaml file: config\config.yaml loaded successfully]
[2026-01-26 15:03:08,316: INFO: common: yaml file: params.yaml loaded successfully]
[2026-01-26 15:03:08,317: INFO: common: created directory at: artifacts]
[2026-01-26 15:03:08,318: INFO: common: created directory at: artifacts/prepare_base_model]
[2026-01-26 15:03:08,422: WARNING: saving_api: You are saving your model as an HDF5 file via `model.save()` or `keras.saving.save_model(model)`. This file format is considered legacy. We recommend using instead the native Keras format, e.g. `model.save('my_model.keras')` or `keras.saving.save_model(model, 'my_model.keras')`. ]
[2026-01-26 15:03:08,488: INFO: prepare_base_model: Model saved at: artifacts\prepare_base_model\base_model.h5]
[2026-01-26 15:03:08,534: WARNING: saving_api: You are saving your model as an HDF5 file via `model.save()` or `keras.saving.save_model(model)`. This file format is considered legacy. We recommend using instead the native Keras format, e.g. `model.save('my_model.keras')` or `keras.saving.save_model(model, 'my_model.keras')`. ]
[2026-01-26 15:03:08,561: INFO: prepare_base_model: Model saved at: artifacts\prepare_base_model\base_model_updated.h5]
[2026-01-26 15:03:08,562: INFO: main: >>>>>> Stage Prepare base model completed <<<<<<

x==========x]
[2026-01-26 15:03:08,562: INFO: main: *******************]
[2026-01-26 15:03:08,563: INFO: main: >>>>>> stage Prepare base model started <<<<<<]
[2026-01-26 15:03:08,566: INFO: common: yaml file: config\config.yaml loaded successfully]
[2026-01-26 15:03:08,568: INFO: common: yaml file: params.yaml loaded successfully]
[2026-01-26 15:03:08,569: INFO: common: created directory at: artifacts]
[2026-01-26 15:03:08,570: INFO: common: created directory at: artifacts/prepare_base_model]
[2026-01-26 15:03:08,590: WARNING: saving_api: You are saving your model as an HDF5 file via `model.save()` or `keras.saving.save_model(model)`. This file format is considered legacy. We recommend using instead the native Keras format, e.g. `model.save('my_model.keras')` or `keras.saving.save_model(model, 'my_model.keras')`. ]
[2026-01-26 15:03:08,620: INFO: prepare_base_model: Model saved at: artifacts\prepare_base_model\base_model.h5]
[2026-01-26 15:03:08,645: WARNING: saving_api: You are saving your model as an HDF5 file via `model.save()` or `keras.saving.save_model(model)`. This file format is considered legacy. We recommend using instead the native Keras format, e.g. `model.save('my_model.keras')` or `keras.saving.save_model(model, 'my_model.keras')`. ]
[2026-01-26 15:03:08,687: INFO: prepare_base_model: Model saved at: artifacts\prepare_base_model\base_model_updated.h5]
[2026-01-26 15:03:08,687: INFO: main: >>>>>> stage Prepare base model completed <<<<<<

x==========x]
[2026-01-26 15:05:14,071: INFO: utils: Note: NumExpr detected 22 cores but "NUMEXPR_MAX_THREADS" not set, so enforcing safe limit of 16.]
[2026-01-26 15:05:14,071: INFO: utils: NumExpr defaulting to 16 threads.]
[2026-01-26 15:05:15,971: INFO: main: >>>>>> Stage Data Ingestion stage started <<<<<<]
[2026-01-26 15:05:15,973: INFO: common: yaml file: config\config.yaml loaded successfully]
[2026-01-26 15:05:15,975: INFO: common: yaml file: params.yaml loaded successfully]
[2026-01-26 15:05:15,976: INFO: common: created directory at: artifacts]
[2026-01-26 15:05:15,977: INFO: common: created directory at: artifacts/data_ingestion]
[2026-01-26 15:05:15,978: INFO: data_ingestion: Removed corrupted file : artifacts/data_ingestion/fraud_data.zip]
[2026-01-26 15:05:15,978: INFO: data_ingestion: Downloading data from : 1xHzaCHq6gEXFmYN2Cc2Yb1jVxaAayb2y]
[2026-01-26 15:05:17,934: INFO: data_ingestion: Downloaded successfully into artifacts/data_ingestion/fraud_data.zip]
[2026-01-26 15:05:17,935: INFO: main: >>>>>> Stage Data Ingestion stage completed <<<<<<

x==========x]
[2026-01-26 15:05:17,935: INFO: main: ***************]
[2026-01-26 15:05:17,936: INFO: main: >>>>>> Stage Prepare base model started <<<<<<]
[2026-01-26 15:05:17,939: INFO: common: yaml file: config\config.yaml loaded successfully]
[2026-01-26 15:05:17,942: INFO: common: yaml file: params.yaml loaded successfully]
[2026-01-26 15:05:17,942: INFO: common: created directory at: artifacts]
[2026-01-26 15:05:17,943: INFO: common: created directory at: artifacts/prepare_base_model]
[2026-01-26 15:05:18,042: WARNING: saving_api: You are saving your model as an HDF5 file via `model.save()` or `keras.saving.save_model(model)`. This file format is considered legacy. We recommend using instead the native Keras format, e.g. `model.save('my_model.keras')` or `keras.saving.save_model(model, 'my_model.keras')`. ]
[2026-01-26 15:05:18,098: INFO: prepare_base_model: Model saved at: artifacts\prepare_base_model\base_model.h5]
[2026-01-26 15:05:18,131: WARNING: saving_api: You are saving your model as an HDF5 file via `model.save()` or `keras.saving.save_model(model)`. This file format is considered legacy. We recommend using instead the native Keras format, e.g. `model.save('my_model.keras')` or `keras.saving.save_model(model, 'my_model.keras')`. ]
[2026-01-26 15:05:18,182: INFO: prepare_base_model: Model saved at: artifacts\prepare_base_model\base_model_updated.h5]
[2026-01-26 15:05:18,182: INFO: main: >>>>>> Stage Prepare base model completed <<<<<<

x==========x]
[2026-01-26 15:05:18,182: INFO: main: *******************]
[2026-01-26 15:05:18,182: INFO: main: >>>>>> stage Prepare base model started <<<<<<]
[2026-01-26 15:05:18,185: INFO: common: yaml file: config\config.yaml loaded successfully]
[2026-01-26 15:05:18,187: INFO: common: yaml file: params.yaml loaded successfully]
[2026-01-26 15:05:18,188: INFO: common: created directory at: artifacts]
[2026-01-26 15:05:18,188: INFO: common: created directory at: artifacts/prepare_base_model]
[2026-01-26 15:05:18,212: WARNING: saving_api: You are saving your model as an HDF5 file via `model.save()` or `keras.saving.save_model(model)`. This file format is considered legacy. We recommend using instead the native Keras format, e.g. `model.save('my_model.keras')` or `keras.saving.save_model(model, 'my_model.keras')`. ]
[2026-01-26 15:05:18,239: INFO: prepare_base_model: Model saved at: artifacts\prepare_base_model\base_model.h5]
[2026-01-26 15:05:18,262: WARNING: saving_api: You are saving your model as an HDF5 file via `model.save()` or `keras.saving.save_model(model)`. This file format is considered legacy. We recommend using instead the native Keras format, e.g. `model.save('my_model.keras')` or `keras.saving.save_model(model, 'my_model.keras')`. ]
[2026-01-26 15:05:18,299: INFO: prepare_base_model: Model saved at: artifacts\prepare_base_model\base_model_updated.h5]
[2026-01-26 15:05:18,300: INFO: main: >>>>>> stage Prepare base model completed <<<<<<

x==========x]
[2026-01-26 15:09:19,664: INFO: utils: Note: NumExpr detected 22 cores but "NUMEXPR_MAX_THREADS" not set, so enforcing safe limit of 16.]
[2026-01-26 15:09:19,664: INFO: utils: NumExpr defaulting to 16 threads.]
[2026-01-26 15:09:22,016: INFO: main: >>>>>> Stage Data Ingestion stage started <<<<<<]
[2026-01-26 15:09:22,019: INFO: common: yaml file: config\config.yaml loaded successfully]
[2026-01-26 15:09:22,021: INFO: common: yaml file: params.yaml loaded successfully]
[2026-01-26 15:09:22,022: INFO: common: created directory at: artifacts]
[2026-01-26 15:09:22,022: INFO: common: created directory at: artifacts/data_ingestion]
[2026-01-26 15:09:22,023: INFO: data_ingestion: Removed corrupted file : artifacts/data_ingestion/fraud_data.zip]
[2026-01-26 15:09:22,024: INFO: data_ingestion: Downloading data from : 1xHzaCHq6gEXFmYN2Cc2Yb1jVxaAayb2y]
[2026-01-26 15:09:24,124: INFO: data_ingestion: Downloaded successfully into artifacts/data_ingestion/fraud_data.zip]
[2026-01-26 15:09:24,124: INFO: main: >>>>>> Stage Data Ingestion stage completed <<<<<<

x==========x]
[2026-01-26 15:09:24,125: INFO: main: ***************]
[2026-01-26 15:09:24,125: INFO: main: >>>>>> Stage Prepare base model started <<<<<<]
[2026-01-26 15:09:24,129: INFO: common: yaml file: config\config.yaml loaded successfully]
[2026-01-26 15:09:24,132: INFO: common: yaml file: params.yaml loaded successfully]
[2026-01-26 15:09:24,134: INFO: common: created directory at: artifacts]
[2026-01-26 15:09:24,135: INFO: common: created directory at: artifacts/prepare_base_model]
[2026-01-26 15:09:24,222: WARNING: saving_api: You are saving your model as an HDF5 file via `model.save()` or `keras.saving.save_model(model)`. This file format is considered legacy. We recommend using instead the native Keras format, e.g. `model.save('my_model.keras')` or `keras.saving.save_model(model, 'my_model.keras')`. ]
[2026-01-26 15:09:24,278: INFO: prepare_base_model: Model saved at: artifacts\prepare_base_model\base_model.h5]
[2026-01-26 15:09:24,319: WARNING: saving_api: You are saving your model as an HDF5 file via `model.save()` or `keras.saving.save_model(model)`. This file format is considered legacy. We recommend using instead the native Keras format, e.g. `model.save('my_model.keras')` or `keras.saving.save_model(model, 'my_model.keras')`. ]
[2026-01-26 15:09:24,365: INFO: prepare_base_model: Model saved at: artifacts\prepare_base_model\base_model_updated.h5]
[2026-01-26 15:09:24,366: INFO: main: >>>>>> Stage Prepare base model completed <<<<<<

x==========x]
[2026-01-26 15:09:24,366: INFO: main: *******************]
[2026-01-26 15:09:24,366: INFO: main: >>>>>> stage Model Training started <<<<<<]
[2026-01-26 15:09:24,368: INFO: common: yaml file: config\config.yaml loaded successfully]
[2026-01-26 15:09:24,370: INFO: common: yaml file: params.yaml loaded successfully]
[2026-01-26 15:09:24,371: INFO: common: created directory at: artifacts]
[2026-01-26 15:09:24,371: INFO: common: created directory at: artifacts\training]
[2026-01-26 15:09:24,433: WARNING: saving_utils: Compiled the loaded model, but the compiled metrics have yet to be built. `model.compile_metrics` will be empty until you train or evaluate the model.]
[2026-01-26 15:09:28,083: WARNING: saving_api: You are saving your model as an HDF5 file via `model.save()` or `keras.saving.save_model(model)`. This file format is considered legacy. We recommend using instead the native Keras format, e.g. `model.save('my_model.keras')` or `keras.saving.save_model(model, 'my_model.keras')`. ]
[2026-01-26 15:09:28,127: INFO: main: >>>>>> stage Model Training completed <<<<<<

x==========x]
[2026-01-27 16:13:15,013: INFO: utils: Note: NumExpr detected 22 cores but "NUMEXPR_MAX_THREADS" not set, so enforcing safe limit of 16.]
[2026-01-27 16:13:15,013: INFO: utils: NumExpr defaulting to 16 threads.]
[2026-01-27 16:13:18,140: INFO: main: >>>>>> Stage Data Ingestion stage started <<<<<<]
[2026-01-27 16:13:18,153: INFO: common: yaml file: config\config.yaml loaded successfully]
[2026-01-27 16:13:18,165: INFO: common: yaml file: params.yaml loaded successfully]
[2026-01-27 16:13:18,166: INFO: common: created directory at: artifacts]
[2026-01-27 16:13:18,166: INFO: common: created directory at: artifacts/data_ingestion]
[2026-01-27 16:13:18,167: INFO: data_ingestion: Removed corrupted file : artifacts/data_ingestion/fraud_data.zip]
[2026-01-27 16:13:18,167: INFO: data_ingestion: Downloading data from : 1xHzaCHq6gEXFmYN2Cc2Yb1jVxaAayb2y]
[2026-01-27 16:13:20,346: INFO: data_ingestion: Downloaded successfully into artifacts/data_ingestion/fraud_data.zip]
[2026-01-27 16:13:20,347: INFO: main: >>>>>> Stage Data Ingestion stage completed <<<<<<

x==========x]
[2026-01-27 16:13:20,347: INFO: main: ***************]
[2026-01-27 16:13:20,347: INFO: main: >>>>>> Stage Prepare base model started <<<<<<]
[2026-01-27 16:13:20,349: INFO: common: yaml file: config\config.yaml loaded successfully]
[2026-01-27 16:13:20,351: INFO: common: yaml file: params.yaml loaded successfully]
[2026-01-27 16:13:20,351: INFO: common: created directory at: artifacts]
[2026-01-27 16:13:20,352: INFO: common: created directory at: artifacts/prepare_base_model]
[2026-01-27 16:13:20,436: WARNING: saving_api: You are saving your model as an HDF5 file via `model.save()` or `keras.saving.save_model(model)`. This file format is considered legacy. We recommend using instead the native Keras format, e.g. `model.save('my_model.keras')` or `keras.saving.save_model(model, 'my_model.keras')`. ]
[2026-01-27 16:13:20,463: INFO: prepare_base_model: Model saved at: artifacts\prepare_base_model\base_model.h5]
[2026-01-27 16:13:20,487: WARNING: saving_api: You are saving your model as an HDF5 file via `model.save()` or `keras.saving.save_model(model)`. This file format is considered legacy. We recommend using instead the native Keras format, e.g. `model.save('my_model.keras')` or `keras.saving.save_model(model, 'my_model.keras')`. ]
[2026-01-27 16:13:20,510: INFO: prepare_base_model: Model saved at: artifacts\prepare_base_model\base_model_updated.h5]
[2026-01-27 16:13:20,511: INFO: main: >>>>>> Stage Prepare base model completed <<<<<<

x==========x]
[2026-01-27 16:13:20,511: INFO: main: *******************]
[2026-01-27 16:13:20,511: INFO: main: >>>>>> stage Model Training started <<<<<<]
[2026-01-27 16:13:20,513: INFO: common: yaml file: config\config.yaml loaded successfully]
[2026-01-27 16:13:20,515: INFO: common: yaml file: params.yaml loaded successfully]
[2026-01-27 16:13:20,515: INFO: common: created directory at: artifacts]
[2026-01-27 16:13:20,515: INFO: common: created directory at: artifacts\training]
[2026-01-27 16:13:20,560: WARNING: saving_utils: Compiled the loaded model, but the compiled metrics have yet to be built. `model.compile_metrics` will be empty until you train or evaluate the model.]
[2026-01-27 16:13:23,031: WARNING: saving_api: You are saving your model as an HDF5 file via `model.save()` or `keras.saving.save_model(model)`. This file format is considered legacy. We recommend using instead the native Keras format, e.g. `model.save('my_model.keras')` or `keras.saving.save_model(model, 'my_model.keras')`. ]
[2026-01-27 16:13:23,066: INFO: main: >>>>>> stage Model Training completed <<<<<<

x==========x]
[2026-01-27 16:13:23,066: INFO: main: *******************]
[2026-01-27 16:13:23,066: INFO: main: >>>>>> stage Evaluation stage started <<<<<<]
[2026-01-27 16:13:23,068: INFO: common: yaml file: config\config.yaml loaded successfully]
[2026-01-27 16:13:23,070: INFO: common: yaml file: params.yaml loaded successfully]
[2026-01-27 16:13:23,070: INFO: common: created directory at: artifacts]
[2026-01-27 16:13:23,111: WARNING: saving_utils: Compiled the loaded model, but the compiled metrics have yet to be built. `model.compile_metrics` will be empty until you train or evaluate the model.]
[2026-01-27 16:13:23,115: ERROR: main: 'WindowsPath' object has no attribute 'endswith']
Traceback (most recent call last):
  File "C:\Users\artit\IKP_2025\fraud_prediction\main.py", line 45, in <module>
    model_evalution.main()
  File "C:\Users\artit\IKP_2025\fraud_prediction\src\fraud_prediction\pipeline\stage_04_model_evaluation.py", line 18, in main
    evaluation.evaluation()
  File "C:\Users\artit\IKP_2025\fraud_prediction\src\fraud_prediction\components\model_evaluation_mlflow.py", line 70, in evaluation
    self._prepare_validation_data()
  File "C:\Users\artit\IKP_2025\fraud_prediction\src\fraud_prediction\components\model_evaluation_mlflow.py", line 28, in _prepare_validation_data
    if data_dir.endswith('csv') and os.path.isfile(data_dir):
AttributeError: 'WindowsPath' object has no attribute 'endswith'
[2026-01-27 16:15:24,073: INFO: utils: Note: NumExpr detected 22 cores but "NUMEXPR_MAX_THREADS" not set, so enforcing safe limit of 16.]
[2026-01-27 16:15:24,074: INFO: utils: NumExpr defaulting to 16 threads.]
[2026-01-27 16:15:45,236: INFO: utils: Note: NumExpr detected 22 cores but "NUMEXPR_MAX_THREADS" not set, so enforcing safe limit of 16.]
[2026-01-27 16:15:45,236: INFO: utils: NumExpr defaulting to 16 threads.]
[2026-01-27 16:15:47,680: INFO: main: >>>>>> Stage Data Ingestion stage started <<<<<<]
[2026-01-27 16:15:47,682: INFO: common: yaml file: config\config.yaml loaded successfully]
[2026-01-27 16:15:47,703: INFO: common: yaml file: params.yaml loaded successfully]
[2026-01-27 16:15:47,703: INFO: common: created directory at: artifacts]
[2026-01-27 16:15:47,704: INFO: common: created directory at: artifacts/data_ingestion]
[2026-01-27 16:15:47,705: INFO: data_ingestion: Removed corrupted file : artifacts/data_ingestion/fraud_data.zip]
[2026-01-27 16:15:47,705: INFO: data_ingestion: Downloading data from : 1xHzaCHq6gEXFmYN2Cc2Yb1jVxaAayb2y]
[2026-01-27 16:15:49,847: INFO: data_ingestion: Downloaded successfully into artifacts/data_ingestion/fraud_data.zip]
[2026-01-27 16:15:49,847: INFO: main: >>>>>> Stage Data Ingestion stage completed <<<<<<

x==========x]
[2026-01-27 16:15:49,849: INFO: main: ***************]
[2026-01-27 16:15:49,849: INFO: main: >>>>>> Stage Prepare base model started <<<<<<]
[2026-01-27 16:15:49,852: INFO: common: yaml file: config\config.yaml loaded successfully]
[2026-01-27 16:15:49,853: INFO: common: yaml file: params.yaml loaded successfully]
[2026-01-27 16:15:49,855: INFO: common: created directory at: artifacts]
[2026-01-27 16:15:49,856: INFO: common: created directory at: artifacts/prepare_base_model]
[2026-01-27 16:15:49,905: WARNING: saving_api: You are saving your model as an HDF5 file via `model.save()` or `keras.saving.save_model(model)`. This file format is considered legacy. We recommend using instead the native Keras format, e.g. `model.save('my_model.keras')` or `keras.saving.save_model(model, 'my_model.keras')`. ]
[2026-01-27 16:15:49,935: INFO: prepare_base_model: Model saved at: artifacts\prepare_base_model\base_model.h5]
[2026-01-27 16:15:49,958: WARNING: saving_api: You are saving your model as an HDF5 file via `model.save()` or `keras.saving.save_model(model)`. This file format is considered legacy. We recommend using instead the native Keras format, e.g. `model.save('my_model.keras')` or `keras.saving.save_model(model, 'my_model.keras')`. ]
[2026-01-27 16:15:49,972: INFO: prepare_base_model: Model saved at: artifacts\prepare_base_model\base_model_updated.h5]
[2026-01-27 16:15:49,972: INFO: main: >>>>>> Stage Prepare base model completed <<<<<<

x==========x]
[2026-01-27 16:15:49,972: INFO: main: *******************]
[2026-01-27 16:15:49,973: INFO: main: >>>>>> stage Model Training started <<<<<<]
[2026-01-27 16:15:49,976: INFO: common: yaml file: config\config.yaml loaded successfully]
[2026-01-27 16:15:49,977: INFO: common: yaml file: params.yaml loaded successfully]
[2026-01-27 16:15:49,977: INFO: common: created directory at: artifacts]
[2026-01-27 16:15:49,977: INFO: common: created directory at: artifacts\training]
[2026-01-27 16:15:50,023: WARNING: saving_utils: Compiled the loaded model, but the compiled metrics have yet to be built. `model.compile_metrics` will be empty until you train or evaluate the model.]
[2026-01-27 16:15:53,077: WARNING: saving_api: You are saving your model as an HDF5 file via `model.save()` or `keras.saving.save_model(model)`. This file format is considered legacy. We recommend using instead the native Keras format, e.g. `model.save('my_model.keras')` or `keras.saving.save_model(model, 'my_model.keras')`. ]
[2026-01-27 16:15:53,098: INFO: main: >>>>>> stage Model Training completed <<<<<<

x==========x]
[2026-01-27 16:15:53,098: INFO: main: *******************]
[2026-01-27 16:15:53,098: INFO: main: >>>>>> stage Evaluation stage started <<<<<<]
[2026-01-27 16:15:53,100: INFO: common: yaml file: config\config.yaml loaded successfully]
[2026-01-27 16:15:53,102: INFO: common: yaml file: params.yaml loaded successfully]
[2026-01-27 16:15:53,103: INFO: common: created directory at: artifacts]
[2026-01-27 16:15:53,152: WARNING: saving_utils: Compiled the loaded model, but the compiled metrics have yet to be built. `model.compile_metrics` will be empty until you train or evaluate the model.]
[2026-01-27 16:16:13,004: INFO: common: json file saved at: scores.json]
[2026-01-27 16:16:13,005: INFO: common: json file saved at: scores.json]
[2026-01-27 16:16:13,007: INFO: main: >>>>>> stage Evaluation stage completed <<<<<<

x==========x]
[2026-01-27 17:25:58,898: INFO: utils: Note: NumExpr detected 22 cores but "NUMEXPR_MAX_THREADS" not set, so enforcing safe limit of 16.]
[2026-01-27 17:25:58,899: INFO: utils: NumExpr defaulting to 16 threads.]
[2026-01-27 17:26:01,212: INFO: main: >>>>>> Stage Data Ingestion stage started <<<<<<]
[2026-01-27 17:26:01,214: INFO: common: yaml file: config\config.yaml loaded successfully]
[2026-01-27 17:26:01,231: INFO: common: yaml file: params.yaml loaded successfully]
[2026-01-27 17:26:01,231: INFO: common: created directory at: artifacts]
[2026-01-27 17:26:01,232: INFO: common: created directory at: artifacts/data_ingestion]
[2026-01-27 17:26:01,232: INFO: data_ingestion: Removed corrupted file : artifacts/data_ingestion/fraud_data.zip]
[2026-01-27 17:26:01,232: INFO: data_ingestion: Downloading data from : 1xHzaCHq6gEXFmYN2Cc2Yb1jVxaAayb2y]
[2026-01-27 17:26:03,285: INFO: data_ingestion: Downloaded successfully into artifacts/data_ingestion/fraud_data.zip]
[2026-01-27 17:26:03,285: INFO: main: >>>>>> Stage Data Ingestion stage completed <<<<<<

x==========x]
[2026-01-27 17:26:03,286: INFO: main: ***************]
[2026-01-27 17:26:03,286: INFO: main: >>>>>> Stage Prepare base model started <<<<<<]
[2026-01-27 17:26:03,288: INFO: common: yaml file: config\config.yaml loaded successfully]
[2026-01-27 17:26:03,289: INFO: common: yaml file: params.yaml loaded successfully]
[2026-01-27 17:26:03,289: INFO: common: created directory at: artifacts]
[2026-01-27 17:26:03,289: INFO: common: created directory at: artifacts/prepare_base_model]
[2026-01-27 17:26:03,291: ERROR: main: "'ConfigBox' object has no attribute 'weights'"]
Traceback (most recent call last):
  File "box\\box.py", line 594, in box.box.Box.__getitem__
KeyError: 'WEIGHTS'

The above exception was the direct cause of the following exception:

Traceback (most recent call last):
  File "box\\box.py", line 633, in box.box.Box.__getattr__
  File "box\\box.py", line 621, in box.box.Box.__getitem__
box.exceptions.BoxKeyError: "'WEIGHTS'"

During handling of the above exception, another exception occurred:

Traceback (most recent call last):
  File "box\\box.py", line 635, in box.box.Box.__getattr__
AttributeError: 'ConfigBox' object has no attribute 'WEIGHTS'

The above exception was the direct cause of the following exception:

Traceback (most recent call last):
  File "box\\config_box.py", line 29, in box.config_box.ConfigBox.__getattr__
  File "box\\box.py", line 649, in box.box.Box.__getattr__
box.exceptions.BoxKeyError: "'ConfigBox' object has no attribute 'WEIGHTS'"

During handling of the above exception, another exception occurred:

Traceback (most recent call last):
  File "box\\box.py", line 594, in box.box.Box.__getitem__
KeyError: 'weights'

The above exception was the direct cause of the following exception:

Traceback (most recent call last):
  File "box\\box.py", line 633, in box.box.Box.__getattr__
  File "box\\box.py", line 621, in box.box.Box.__getitem__
box.exceptions.BoxKeyError: "'weights'"

During handling of the above exception, another exception occurred:

Traceback (most recent call last):
  File "box\\box.py", line 635, in box.box.Box.__getattr__
AttributeError: 'ConfigBox' object has no attribute 'weights'

The above exception was the direct cause of the following exception:

Traceback (most recent call last):
  File "C:\Users\artit\IKP_2025\fraud_prediction\main.py", line 23, in <module>
    prepare_base_model.main()
  File "C:\Users\artit\IKP_2025\fraud_prediction\src\fraud_prediction\pipeline\stage_02_prepare_base_model.py", line 13, in main
    prepare_base_model_config = config.get_prepare_base_model_config()
  File "C:\Users\artit\IKP_2025\fraud_prediction\src\fraud_prediction\config\configuration.py", line 50, in get_prepare_base_model_config
    params_weights=self.params.WEIGHTS,
  File "box\\config_box.py", line 31, in box.config_box.ConfigBox.__getattr__
  File "box\\box.py", line 649, in box.box.Box.__getattr__
box.exceptions.BoxKeyError: "'ConfigBox' object has no attribute 'weights'"
[2026-01-27 17:28:06,548: INFO: utils: Note: NumExpr detected 22 cores but "NUMEXPR_MAX_THREADS" not set, so enforcing safe limit of 16.]
[2026-01-27 17:28:06,548: INFO: utils: NumExpr defaulting to 16 threads.]
[2026-01-27 17:28:08,865: INFO: main: >>>>>> Stage Data Ingestion stage started <<<<<<]
[2026-01-27 17:28:08,867: INFO: common: yaml file: config\config.yaml loaded successfully]
[2026-01-27 17:28:08,869: INFO: common: yaml file: params.yaml loaded successfully]
[2026-01-27 17:28:08,869: INFO: common: created directory at: artifacts]
[2026-01-27 17:28:08,870: INFO: common: created directory at: artifacts/data_ingestion]
[2026-01-27 17:28:08,870: INFO: data_ingestion: Removed corrupted file : artifacts/data_ingestion/fraud_data.zip]
[2026-01-27 17:28:08,870: INFO: data_ingestion: Downloading data from : 1xHzaCHq6gEXFmYN2Cc2Yb1jVxaAayb2y]
[2026-01-27 17:28:10,850: INFO: data_ingestion: Downloaded successfully into artifacts/data_ingestion/fraud_data.zip]
[2026-01-27 17:28:10,850: INFO: main: >>>>>> Stage Data Ingestion stage completed <<<<<<

x==========x]
[2026-01-27 17:28:10,850: INFO: main: ***************]
[2026-01-27 17:28:10,850: INFO: main: >>>>>> Stage Prepare base model started <<<<<<]
[2026-01-27 17:28:10,854: INFO: common: yaml file: config\config.yaml loaded successfully]
[2026-01-27 17:28:10,855: INFO: common: yaml file: params.yaml loaded successfully]
[2026-01-27 17:28:10,855: INFO: common: created directory at: artifacts]
[2026-01-27 17:28:10,857: INFO: common: created directory at: artifacts/prepare_base_model]
[2026-01-27 17:28:10,857: ERROR: main: 'int' object is not subscriptable]
Traceback (most recent call last):
  File "C:\Users\artit\IKP_2025\fraud_prediction\main.py", line 23, in <module>
    prepare_base_model.main()
  File "C:\Users\artit\IKP_2025\fraud_prediction\src\fraud_prediction\pipeline\stage_02_prepare_base_model.py", line 15, in main
    prepare_base_model.get_base_model()
  File "C:\Users\artit\IKP_2025\fraud_prediction\src\fraud_prediction\components\prepare_base_model.py", line 14, in get_base_model
    input_dim = self.config.params_num_features[0]
TypeError: 'int' object is not subscriptable
[2026-01-27 17:29:38,423: INFO: utils: Note: NumExpr detected 22 cores but "NUMEXPR_MAX_THREADS" not set, so enforcing safe limit of 16.]
[2026-01-27 17:29:38,423: INFO: utils: NumExpr defaulting to 16 threads.]
[2026-01-27 17:29:40,685: INFO: main: >>>>>> Stage Data Ingestion stage started <<<<<<]
[2026-01-27 17:29:40,688: INFO: common: yaml file: config\config.yaml loaded successfully]
[2026-01-27 17:29:40,690: INFO: common: yaml file: params.yaml loaded successfully]
[2026-01-27 17:29:40,691: INFO: common: created directory at: artifacts]
[2026-01-27 17:29:40,691: INFO: common: created directory at: artifacts/data_ingestion]
[2026-01-27 17:29:40,692: INFO: data_ingestion: Removed corrupted file : artifacts/data_ingestion/fraud_data.zip]
[2026-01-27 17:29:40,692: INFO: data_ingestion: Downloading data from : 1xHzaCHq6gEXFmYN2Cc2Yb1jVxaAayb2y]
[2026-01-27 17:29:42,723: INFO: data_ingestion: Downloaded successfully into artifacts/data_ingestion/fraud_data.zip]
[2026-01-27 17:29:42,723: INFO: main: >>>>>> Stage Data Ingestion stage completed <<<<<<

x==========x]
[2026-01-27 17:29:42,724: INFO: main: ***************]
[2026-01-27 17:29:42,724: INFO: main: >>>>>> Stage Prepare base model started <<<<<<]
[2026-01-27 17:29:42,725: INFO: common: yaml file: config\config.yaml loaded successfully]
[2026-01-27 17:29:42,726: INFO: common: yaml file: params.yaml loaded successfully]
[2026-01-27 17:29:42,727: INFO: common: created directory at: artifacts]
[2026-01-27 17:29:42,727: INFO: common: created directory at: artifacts/prepare_base_model]
[2026-01-27 17:29:42,782: WARNING: saving_api: You are saving your model as an HDF5 file via `model.save()` or `keras.saving.save_model(model)`. This file format is considered legacy. We recommend using instead the native Keras format, e.g. `model.save('my_model.keras')` or `keras.saving.save_model(model, 'my_model.keras')`. ]
[2026-01-27 17:29:42,820: INFO: prepare_base_model: Model saved at: artifacts\prepare_base_model\base_model.h5]
[2026-01-27 17:29:42,845: WARNING: saving_api: You are saving your model as an HDF5 file via `model.save()` or `keras.saving.save_model(model)`. This file format is considered legacy. We recommend using instead the native Keras format, e.g. `model.save('my_model.keras')` or `keras.saving.save_model(model, 'my_model.keras')`. ]
[2026-01-27 17:29:42,861: INFO: prepare_base_model: Model saved at: artifacts\prepare_base_model\base_model_updated.h5]
[2026-01-27 17:29:42,861: INFO: main: >>>>>> Stage Prepare base model completed <<<<<<

x==========x]
[2026-01-27 17:29:42,861: INFO: main: *******************]
[2026-01-27 17:29:42,861: INFO: main: >>>>>> stage Model Training started <<<<<<]
[2026-01-27 17:29:42,863: INFO: common: yaml file: config\config.yaml loaded successfully]
[2026-01-27 17:29:42,865: INFO: common: yaml file: params.yaml loaded successfully]
[2026-01-27 17:29:42,866: INFO: common: created directory at: artifacts]
[2026-01-27 17:29:42,866: INFO: common: created directory at: artifacts\training]
[2026-01-27 17:29:42,909: WARNING: saving_utils: Compiled the loaded model, but the compiled metrics have yet to be built. `model.compile_metrics` will be empty until you train or evaluate the model.]
[2026-01-27 17:29:45,156: INFO: main: >>>>>> stage Model Training completed <<<<<<

x==========x]
[2026-01-27 17:29:45,156: INFO: main: *******************]
[2026-01-27 17:29:45,157: INFO: main: >>>>>> stage Evaluation stage started <<<<<<]
[2026-01-27 17:29:45,159: INFO: common: yaml file: config\config.yaml loaded successfully]
[2026-01-27 17:29:45,160: INFO: common: yaml file: params.yaml loaded successfully]
[2026-01-27 17:29:45,160: INFO: common: created directory at: artifacts]
[2026-01-27 17:29:45,254: ERROR: main: 'WindowsPath' object has no attribute 'endswith']
Traceback (most recent call last):
  File "C:\Users\artit\IKP_2025\fraud_prediction\main.py", line 45, in <module>
    model_evalution.main()
  File "C:\Users\artit\IKP_2025\fraud_prediction\src\fraud_prediction\pipeline\stage_04_model_evaluation.py", line 18, in main
    evaluation.evaluation()
  File "C:\Users\artit\IKP_2025\fraud_prediction\src\fraud_prediction\components\model_evaluation_mlflow.py", line 71, in evaluation
    self._prepare_validation_data()
  File "C:\Users\artit\IKP_2025\fraud_prediction\src\fraud_prediction\components\model_evaluation_mlflow.py", line 29, in _prepare_validation_data
    if data_dir.endswith('csv') and os.path.isfile(data_dir):
AttributeError: 'WindowsPath' object has no attribute 'endswith'
[2026-01-27 17:30:39,927: INFO: utils: Note: NumExpr detected 22 cores but "NUMEXPR_MAX_THREADS" not set, so enforcing safe limit of 16.]
[2026-01-27 17:30:39,927: INFO: utils: NumExpr defaulting to 16 threads.]
[2026-01-27 17:30:42,372: INFO: main: >>>>>> Stage Data Ingestion stage started <<<<<<]
[2026-01-27 17:30:42,374: INFO: common: yaml file: config\config.yaml loaded successfully]
[2026-01-27 17:30:42,376: INFO: common: yaml file: params.yaml loaded successfully]
[2026-01-27 17:30:42,376: INFO: common: created directory at: artifacts]
[2026-01-27 17:30:42,377: INFO: common: created directory at: artifacts/data_ingestion]
[2026-01-27 17:30:42,377: INFO: data_ingestion: Removed corrupted file : artifacts/data_ingestion/fraud_data.zip]
[2026-01-27 17:30:42,378: INFO: data_ingestion: Downloading data from : 1xHzaCHq6gEXFmYN2Cc2Yb1jVxaAayb2y]
[2026-01-27 17:30:44,464: INFO: data_ingestion: Downloaded successfully into artifacts/data_ingestion/fraud_data.zip]
[2026-01-27 17:30:44,464: INFO: main: >>>>>> Stage Data Ingestion stage completed <<<<<<

x==========x]
[2026-01-27 17:30:44,465: INFO: main: ***************]
[2026-01-27 17:30:44,465: INFO: main: >>>>>> Stage Prepare base model started <<<<<<]
[2026-01-27 17:30:44,467: INFO: common: yaml file: config\config.yaml loaded successfully]
[2026-01-27 17:30:44,468: INFO: common: yaml file: params.yaml loaded successfully]
[2026-01-27 17:30:44,469: INFO: common: created directory at: artifacts]
[2026-01-27 17:30:44,469: INFO: common: created directory at: artifacts/prepare_base_model]
[2026-01-27 17:30:44,528: WARNING: saving_api: You are saving your model as an HDF5 file via `model.save()` or `keras.saving.save_model(model)`. This file format is considered legacy. We recommend using instead the native Keras format, e.g. `model.save('my_model.keras')` or `keras.saving.save_model(model, 'my_model.keras')`. ]
[2026-01-27 17:30:44,558: INFO: prepare_base_model: Model saved at: artifacts\prepare_base_model\base_model.h5]
[2026-01-27 17:30:44,584: WARNING: saving_api: You are saving your model as an HDF5 file via `model.save()` or `keras.saving.save_model(model)`. This file format is considered legacy. We recommend using instead the native Keras format, e.g. `model.save('my_model.keras')` or `keras.saving.save_model(model, 'my_model.keras')`. ]
[2026-01-27 17:30:44,599: INFO: prepare_base_model: Model saved at: artifacts\prepare_base_model\base_model_updated.h5]
[2026-01-27 17:30:44,599: INFO: main: >>>>>> Stage Prepare base model completed <<<<<<

x==========x]
[2026-01-27 17:30:44,599: INFO: main: *******************]
[2026-01-27 17:30:44,599: INFO: main: >>>>>> stage Model Training started <<<<<<]
[2026-01-27 17:30:44,601: INFO: common: yaml file: config\config.yaml loaded successfully]
[2026-01-27 17:30:44,602: INFO: common: yaml file: params.yaml loaded successfully]
[2026-01-27 17:30:44,602: INFO: common: created directory at: artifacts]
[2026-01-27 17:30:44,603: INFO: common: created directory at: artifacts\training]
[2026-01-27 17:30:44,648: WARNING: saving_utils: Compiled the loaded model, but the compiled metrics have yet to be built. `model.compile_metrics` will be empty until you train or evaluate the model.]
[2026-01-27 17:30:47,067: INFO: main: >>>>>> stage Model Training completed <<<<<<

x==========x]
[2026-01-27 17:30:47,068: INFO: main: *******************]
[2026-01-27 17:30:47,068: INFO: main: >>>>>> stage Evaluation stage started <<<<<<]
[2026-01-27 17:30:47,071: INFO: common: yaml file: config\config.yaml loaded successfully]
[2026-01-27 17:30:47,072: INFO: common: yaml file: params.yaml loaded successfully]
[2026-01-27 17:30:47,072: INFO: common: created directory at: artifacts]
[2026-01-27 17:31:06,949: INFO: common: json file saved at: scores.json]
[2026-01-27 17:31:06,950: INFO: common: json file saved at: scores.json]
[2026-01-27 17:31:06,952: INFO: main: >>>>>> stage Evaluation stage completed <<<<<<

x==========x]
[2026-01-27 17:34:14,310: INFO: utils: Note: NumExpr detected 22 cores but "NUMEXPR_MAX_THREADS" not set, so enforcing safe limit of 16.]
[2026-01-27 17:34:14,310: INFO: utils: NumExpr defaulting to 16 threads.]
[2026-01-27 17:34:16,701: INFO: main: >>>>>> Stage Data Ingestion stage started <<<<<<]
[2026-01-27 17:34:16,703: INFO: common: yaml file: config\config.yaml loaded successfully]
[2026-01-27 17:34:16,704: INFO: common: yaml file: params.yaml loaded successfully]
[2026-01-27 17:34:16,706: INFO: common: created directory at: artifacts]
[2026-01-27 17:34:16,706: INFO: common: created directory at: artifacts/data_ingestion]
[2026-01-27 17:34:16,707: INFO: data_ingestion: Removed corrupted file : artifacts/data_ingestion/fraud_data.zip]
[2026-01-27 17:34:16,707: INFO: data_ingestion: Downloading data from : 1xHzaCHq6gEXFmYN2Cc2Yb1jVxaAayb2y]
[2026-01-27 17:34:18,716: INFO: data_ingestion: Downloaded successfully into artifacts/data_ingestion/fraud_data.zip]
[2026-01-27 17:34:18,717: INFO: main: >>>>>> Stage Data Ingestion stage completed <<<<<<

x==========x]
[2026-01-27 17:34:18,717: INFO: main: ***************]
[2026-01-27 17:34:18,717: INFO: main: >>>>>> Stage Prepare base model started <<<<<<]
[2026-01-27 17:34:18,721: INFO: common: yaml file: config\config.yaml loaded successfully]
[2026-01-27 17:34:18,722: INFO: common: yaml file: params.yaml loaded successfully]
[2026-01-27 17:34:18,723: INFO: common: created directory at: artifacts]
[2026-01-27 17:34:18,723: INFO: common: created directory at: artifacts/prepare_base_model]
[2026-01-27 17:34:18,776: WARNING: saving_api: You are saving your model as an HDF5 file via `model.save()` or `keras.saving.save_model(model)`. This file format is considered legacy. We recommend using instead the native Keras format, e.g. `model.save('my_model.keras')` or `keras.saving.save_model(model, 'my_model.keras')`. ]
[2026-01-27 17:34:18,807: INFO: prepare_base_model: Model saved at: artifacts\prepare_base_model\base_model.h5]
[2026-01-27 17:34:18,829: WARNING: saving_api: You are saving your model as an HDF5 file via `model.save()` or `keras.saving.save_model(model)`. This file format is considered legacy. We recommend using instead the native Keras format, e.g. `model.save('my_model.keras')` or `keras.saving.save_model(model, 'my_model.keras')`. ]
[2026-01-27 17:34:18,843: INFO: prepare_base_model: Model saved at: artifacts\prepare_base_model\base_model_updated.h5]
[2026-01-27 17:34:18,843: INFO: main: >>>>>> Stage Prepare base model completed <<<<<<

x==========x]
[2026-01-27 17:34:18,843: INFO: main: *******************]
[2026-01-27 17:34:18,844: INFO: main: >>>>>> stage Model Training started <<<<<<]
[2026-01-27 17:34:18,845: INFO: common: yaml file: config\config.yaml loaded successfully]
[2026-01-27 17:34:18,846: INFO: common: yaml file: params.yaml loaded successfully]
[2026-01-27 17:34:18,846: INFO: common: created directory at: artifacts]
[2026-01-27 17:34:18,848: INFO: common: created directory at: artifacts\training]
[2026-01-27 17:34:18,892: WARNING: saving_utils: Compiled the loaded model, but the compiled metrics have yet to be built. `model.compile_metrics` will be empty until you train or evaluate the model.]
[2026-01-27 17:34:21,133: INFO: main: >>>>>> stage Model Training completed <<<<<<

x==========x]
[2026-01-27 17:34:21,133: INFO: main: *******************]
[2026-01-27 17:34:21,134: INFO: main: >>>>>> stage Evaluation stage started <<<<<<]
[2026-01-27 17:34:21,136: INFO: common: yaml file: config\config.yaml loaded successfully]
[2026-01-27 17:34:21,138: INFO: common: yaml file: params.yaml loaded successfully]
[2026-01-27 17:34:21,139: INFO: common: created directory at: artifacts]
[2026-01-27 17:34:40,074: INFO: common: json file saved at: scores.json]
[2026-01-27 17:34:40,075: INFO: common: json file saved at: scores.json]
[2026-01-27 17:35:08,911: ERROR: main: API request to endpoint /api/2.0/mlflow/registered-models/create failed with error code 403 != 200. Response body: '']
Traceback (most recent call last):
  File "C:\Users\artit\IKP_2025\fraud_prediction\main.py", line 45, in <module>
    model_evalution.main()
  File "C:\Users\artit\IKP_2025\fraud_prediction\src\fraud_prediction\pipeline\stage_04_model_evaluation.py", line 20, in main
    evaluation.log_into_mlflow()
  File "C:\Users\artit\IKP_2025\fraud_prediction\src\fraud_prediction\components\model_evaluation_mlflow.py", line 112, in log_into_mlflow
    mlflow.keras.log_model(
  File "C:\Users\artit\miniconda3\envs\fraud_final\lib\site-packages\mlflow\keras\save.py", line 349, in log_model
    return Model.log(
  File "C:\Users\artit\miniconda3\envs\fraud_final\lib\site-packages\mlflow\models\model.py", line 1357, in log
    registered_model = mlflow.tracking._model_registry.fluent._register_model(
  File "C:\Users\artit\miniconda3\envs\fraud_final\lib\site-packages\mlflow\tracking\_model_registry\fluent.py", line 167, in _register_model
    raise e
  File "C:\Users\artit\miniconda3\envs\fraud_final\lib\site-packages\mlflow\tracking\_model_registry\fluent.py", line 156, in _register_model
    create_model_response = client.create_registered_model(name)
  File "C:\Users\artit\miniconda3\envs\fraud_final\lib\site-packages\mlflow\tracking\client.py", line 3842, in create_registered_model
    return self._get_registry_client().create_registered_model(
  File "C:\Users\artit\miniconda3\envs\fraud_final\lib\site-packages\mlflow\telemetry\track.py", line 30, in wrapper
    result = func(*args, **kwargs)
  File "C:\Users\artit\miniconda3\envs\fraud_final\lib\site-packages\mlflow\tracking\_model_registry\client.py", line 96, in create_registered_model
    return self.store.create_registered_model(name, tags, description, deployment_job_id)
  File "C:\Users\artit\miniconda3\envs\fraud_final\lib\site-packages\mlflow\store\model_registry\rest_store.py", line 110, in create_registered_model
    response_proto = self._call_endpoint(CreateRegisteredModel, req_body)
  File "C:\Users\artit\miniconda3\envs\fraud_final\lib\site-packages\mlflow\store\model_registry\base_rest_store.py", line 42, in _call_endpoint
    return call_endpoint(
  File "C:\Users\artit\miniconda3\envs\fraud_final\lib\site-packages\mlflow\utils\rest_utils.py", line 596, in call_endpoint
    response = verify_rest_response(response, endpoint)
  File "C:\Users\artit\miniconda3\envs\fraud_final\lib\site-packages\mlflow\utils\rest_utils.py", line 321, in verify_rest_response
    raise MlflowException(
mlflow.exceptions.MlflowException: API request to endpoint /api/2.0/mlflow/registered-models/create failed with error code 403 != 200. Response body: ''
[2026-01-27 17:35:43,234: INFO: utils: Note: NumExpr detected 22 cores but "NUMEXPR_MAX_THREADS" not set, so enforcing safe limit of 16.]
[2026-01-27 17:35:43,234: INFO: utils: NumExpr defaulting to 16 threads.]
[2026-01-27 17:35:45,590: INFO: main: >>>>>> Stage Data Ingestion stage started <<<<<<]
[2026-01-27 17:35:45,592: INFO: common: yaml file: config\config.yaml loaded successfully]
[2026-01-27 17:35:45,593: INFO: common: yaml file: params.yaml loaded successfully]
[2026-01-27 17:35:45,594: INFO: common: created directory at: artifacts]
[2026-01-27 17:35:45,594: INFO: common: created directory at: artifacts/data_ingestion]
[2026-01-27 17:35:45,594: INFO: data_ingestion: Removed corrupted file : artifacts/data_ingestion/fraud_data.zip]
[2026-01-27 17:35:45,594: INFO: data_ingestion: Downloading data from : 1xHzaCHq6gEXFmYN2Cc2Yb1jVxaAayb2y]
[2026-01-27 17:35:47,512: INFO: data_ingestion: Downloaded successfully into artifacts/data_ingestion/fraud_data.zip]
[2026-01-27 17:35:47,512: INFO: main: >>>>>> Stage Data Ingestion stage completed <<<<<<

x==========x]
[2026-01-27 17:35:47,512: INFO: main: ***************]
[2026-01-27 17:35:47,513: INFO: main: >>>>>> Stage Prepare base model started <<<<<<]
[2026-01-27 17:35:47,515: INFO: common: yaml file: config\config.yaml loaded successfully]
[2026-01-27 17:35:47,516: INFO: common: yaml file: params.yaml loaded successfully]
[2026-01-27 17:35:47,518: INFO: common: created directory at: artifacts]
[2026-01-27 17:35:47,519: INFO: common: created directory at: artifacts/prepare_base_model]
[2026-01-27 17:35:47,570: WARNING: saving_api: You are saving your model as an HDF5 file via `model.save()` or `keras.saving.save_model(model)`. This file format is considered legacy. We recommend using instead the native Keras format, e.g. `model.save('my_model.keras')` or `keras.saving.save_model(model, 'my_model.keras')`. ]
[2026-01-27 17:35:47,600: INFO: prepare_base_model: Model saved at: artifacts\prepare_base_model\base_model.h5]
[2026-01-27 17:35:47,624: WARNING: saving_api: You are saving your model as an HDF5 file via `model.save()` or `keras.saving.save_model(model)`. This file format is considered legacy. We recommend using instead the native Keras format, e.g. `model.save('my_model.keras')` or `keras.saving.save_model(model, 'my_model.keras')`. ]
[2026-01-27 17:35:47,637: INFO: prepare_base_model: Model saved at: artifacts\prepare_base_model\base_model_updated.h5]
[2026-01-27 17:35:47,638: INFO: main: >>>>>> Stage Prepare base model completed <<<<<<

x==========x]
[2026-01-27 17:35:47,638: INFO: main: *******************]
[2026-01-27 17:35:47,638: INFO: main: >>>>>> stage Model Training started <<<<<<]
[2026-01-27 17:35:47,639: INFO: common: yaml file: config\config.yaml loaded successfully]
[2026-01-27 17:35:47,640: INFO: common: yaml file: params.yaml loaded successfully]
[2026-01-27 17:35:47,640: INFO: common: created directory at: artifacts]
[2026-01-27 17:35:47,640: INFO: common: created directory at: artifacts\training]
[2026-01-27 17:35:47,682: WARNING: saving_utils: Compiled the loaded model, but the compiled metrics have yet to be built. `model.compile_metrics` will be empty until you train or evaluate the model.]
[2026-01-27 17:35:49,898: INFO: main: >>>>>> stage Model Training completed <<<<<<

x==========x]
[2026-01-27 17:35:49,898: INFO: main: *******************]
[2026-01-27 17:35:49,898: INFO: main: >>>>>> stage Evaluation stage started <<<<<<]
[2026-01-27 17:35:49,900: INFO: common: yaml file: config\config.yaml loaded successfully]
[2026-01-27 17:35:49,902: INFO: common: yaml file: params.yaml loaded successfully]
[2026-01-27 17:35:49,902: INFO: common: created directory at: artifacts]
[2026-01-27 17:36:09,295: INFO: common: json file saved at: scores.json]
[2026-01-27 17:36:09,296: INFO: common: json file saved at: scores.json]
[2026-01-27 17:36:46,515: ERROR: main: API request to endpoint /api/2.0/mlflow/registered-models/create failed with error code 403 != 200. Response body: '']
Traceback (most recent call last):
  File "C:\Users\artit\IKP_2025\fraud_prediction\main.py", line 45, in <module>
    model_evalution.main()
  File "C:\Users\artit\IKP_2025\fraud_prediction\src\fraud_prediction\pipeline\stage_04_model_evaluation.py", line 20, in main
    evaluation.log_into_mlflow()
  File "C:\Users\artit\IKP_2025\fraud_prediction\src\fraud_prediction\components\model_evaluation_mlflow.py", line 112, in log_into_mlflow
    mlflow.keras.log_model(
  File "C:\Users\artit\miniconda3\envs\fraud_final\lib\site-packages\mlflow\keras\save.py", line 349, in log_model
    return Model.log(
  File "C:\Users\artit\miniconda3\envs\fraud_final\lib\site-packages\mlflow\models\model.py", line 1357, in log
    registered_model = mlflow.tracking._model_registry.fluent._register_model(
  File "C:\Users\artit\miniconda3\envs\fraud_final\lib\site-packages\mlflow\tracking\_model_registry\fluent.py", line 167, in _register_model
    raise e
  File "C:\Users\artit\miniconda3\envs\fraud_final\lib\site-packages\mlflow\tracking\_model_registry\fluent.py", line 156, in _register_model
    create_model_response = client.create_registered_model(name)
  File "C:\Users\artit\miniconda3\envs\fraud_final\lib\site-packages\mlflow\tracking\client.py", line 3842, in create_registered_model
    return self._get_registry_client().create_registered_model(
  File "C:\Users\artit\miniconda3\envs\fraud_final\lib\site-packages\mlflow\telemetry\track.py", line 30, in wrapper
    result = func(*args, **kwargs)
  File "C:\Users\artit\miniconda3\envs\fraud_final\lib\site-packages\mlflow\tracking\_model_registry\client.py", line 96, in create_registered_model
    return self.store.create_registered_model(name, tags, description, deployment_job_id)
  File "C:\Users\artit\miniconda3\envs\fraud_final\lib\site-packages\mlflow\store\model_registry\rest_store.py", line 110, in create_registered_model
    response_proto = self._call_endpoint(CreateRegisteredModel, req_body)
  File "C:\Users\artit\miniconda3\envs\fraud_final\lib\site-packages\mlflow\store\model_registry\base_rest_store.py", line 42, in _call_endpoint
    return call_endpoint(
  File "C:\Users\artit\miniconda3\envs\fraud_final\lib\site-packages\mlflow\utils\rest_utils.py", line 596, in call_endpoint
    response = verify_rest_response(response, endpoint)
  File "C:\Users\artit\miniconda3\envs\fraud_final\lib\site-packages\mlflow\utils\rest_utils.py", line 321, in verify_rest_response
    raise MlflowException(
mlflow.exceptions.MlflowException: API request to endpoint /api/2.0/mlflow/registered-models/create failed with error code 403 != 200. Response body: ''
[2026-01-27 17:39:00,295: INFO: utils: Note: NumExpr detected 22 cores but "NUMEXPR_MAX_THREADS" not set, so enforcing safe limit of 16.]
[2026-01-27 17:39:00,295: INFO: utils: NumExpr defaulting to 16 threads.]
[2026-01-27 17:39:02,610: INFO: main: >>>>>> Stage Data Ingestion stage started <<<<<<]
[2026-01-27 17:39:02,613: INFO: common: yaml file: config\config.yaml loaded successfully]
[2026-01-27 17:39:02,614: INFO: common: yaml file: params.yaml loaded successfully]
[2026-01-27 17:39:02,614: INFO: common: created directory at: artifacts]
[2026-01-27 17:39:02,614: INFO: common: created directory at: artifacts/data_ingestion]
[2026-01-27 17:39:02,616: INFO: data_ingestion: Removed corrupted file : artifacts/data_ingestion/fraud_data.zip]
[2026-01-27 17:39:02,616: INFO: data_ingestion: Downloading data from : 1xHzaCHq6gEXFmYN2Cc2Yb1jVxaAayb2y]
[2026-01-27 17:39:04,581: INFO: data_ingestion: Downloaded successfully into artifacts/data_ingestion/fraud_data.zip]
[2026-01-27 17:39:04,581: INFO: main: >>>>>> Stage Data Ingestion stage completed <<<<<<

x==========x]
[2026-01-27 17:39:04,581: INFO: main: ***************]
[2026-01-27 17:39:04,581: INFO: main: >>>>>> Stage Prepare base model started <<<<<<]
[2026-01-27 17:39:04,583: INFO: common: yaml file: config\config.yaml loaded successfully]
[2026-01-27 17:39:04,584: INFO: common: yaml file: params.yaml loaded successfully]
[2026-01-27 17:39:04,584: INFO: common: created directory at: artifacts]
[2026-01-27 17:39:04,586: INFO: common: created directory at: artifacts/prepare_base_model]
[2026-01-27 17:39:04,634: WARNING: saving_api: You are saving your model as an HDF5 file via `model.save()` or `keras.saving.save_model(model)`. This file format is considered legacy. We recommend using instead the native Keras format, e.g. `model.save('my_model.keras')` or `keras.saving.save_model(model, 'my_model.keras')`. ]
[2026-01-27 17:39:04,671: INFO: prepare_base_model: Model saved at: artifacts\prepare_base_model\base_model.h5]
[2026-01-27 17:39:04,692: WARNING: saving_api: You are saving your model as an HDF5 file via `model.save()` or `keras.saving.save_model(model)`. This file format is considered legacy. We recommend using instead the native Keras format, e.g. `model.save('my_model.keras')` or `keras.saving.save_model(model, 'my_model.keras')`. ]
[2026-01-27 17:39:04,704: INFO: prepare_base_model: Model saved at: artifacts\prepare_base_model\base_model_updated.h5]
[2026-01-27 17:39:04,704: INFO: main: >>>>>> Stage Prepare base model completed <<<<<<

x==========x]
[2026-01-27 17:39:04,704: INFO: main: *******************]
[2026-01-27 17:39:04,704: INFO: main: >>>>>> stage Model Training started <<<<<<]
[2026-01-27 17:39:04,707: INFO: common: yaml file: config\config.yaml loaded successfully]
[2026-01-27 17:39:04,708: INFO: common: yaml file: params.yaml loaded successfully]
[2026-01-27 17:39:04,708: INFO: common: created directory at: artifacts]
[2026-01-27 17:39:04,709: INFO: common: created directory at: artifacts\training]
[2026-01-27 17:39:04,751: WARNING: saving_utils: Compiled the loaded model, but the compiled metrics have yet to be built. `model.compile_metrics` will be empty until you train or evaluate the model.]
[2026-01-27 17:39:06,954: INFO: main: >>>>>> stage Model Training completed <<<<<<

x==========x]
[2026-01-27 17:39:06,954: INFO: main: *******************]
[2026-01-27 17:39:06,954: INFO: main: >>>>>> stage Evaluation stage started <<<<<<]
[2026-01-27 17:39:06,956: INFO: common: yaml file: config\config.yaml loaded successfully]
[2026-01-27 17:39:06,957: INFO: common: yaml file: params.yaml loaded successfully]
[2026-01-27 17:39:06,957: INFO: common: created directory at: artifacts]
[2026-01-27 17:39:26,078: INFO: common: json file saved at: scores.json]
[2026-01-27 17:39:26,079: INFO: common: json file saved at: scores.json]
[2026-01-27 17:39:53,578: INFO: main: >>>>>> stage Evaluation stage completed <<<<<<

x==========x]
[2026-01-27 17:54:02,562: INFO: utils: Note: NumExpr detected 22 cores but "NUMEXPR_MAX_THREADS" not set, so enforcing safe limit of 16.]
[2026-01-27 17:54:02,562: INFO: utils: NumExpr defaulting to 16 threads.]
[2026-01-27 17:54:05,132: INFO: main: >>>>>> Stage Data Ingestion stage started <<<<<<]
[2026-01-27 17:54:05,134: INFO: common: yaml file: config\config.yaml loaded successfully]
[2026-01-27 17:54:05,136: INFO: common: yaml file: params.yaml loaded successfully]
[2026-01-27 17:54:05,136: INFO: common: created directory at: artifacts]
[2026-01-27 17:54:05,136: INFO: common: created directory at: artifacts/data_ingestion]
[2026-01-27 17:54:05,138: INFO: data_ingestion: Removed corrupted file : artifacts/data_ingestion/fraud_data.zip]
[2026-01-27 17:54:05,138: INFO: data_ingestion: Downloading data from : 1xHzaCHq6gEXFmYN2Cc2Yb1jVxaAayb2y]
[2026-01-27 17:54:06,956: INFO: data_ingestion: Downloaded successfully into artifacts/data_ingestion/fraud_data.zip]
[2026-01-27 17:54:06,956: INFO: main: >>>>>> Stage Data Ingestion stage completed <<<<<<

x==========x]
[2026-01-27 17:54:06,957: INFO: main: ***************]
[2026-01-27 17:54:06,957: INFO: main: >>>>>> Stage Prepare base model started <<<<<<]
[2026-01-27 17:54:06,958: INFO: common: yaml file: config\config.yaml loaded successfully]
[2026-01-27 17:54:06,960: INFO: common: yaml file: params.yaml loaded successfully]
[2026-01-27 17:54:06,960: INFO: common: created directory at: artifacts]
[2026-01-27 17:54:06,961: INFO: common: created directory at: artifacts/prepare_base_model]
[2026-01-27 17:54:07,013: WARNING: saving_api: You are saving your model as an HDF5 file via `model.save()` or `keras.saving.save_model(model)`. This file format is considered legacy. We recommend using instead the native Keras format, e.g. `model.save('my_model.keras')` or `keras.saving.save_model(model, 'my_model.keras')`. ]
[2026-01-27 17:54:07,050: INFO: prepare_base_model: Model saved at: artifacts\prepare_base_model\base_model.h5]
[2026-01-27 17:54:07,070: WARNING: saving_api: You are saving your model as an HDF5 file via `model.save()` or `keras.saving.save_model(model)`. This file format is considered legacy. We recommend using instead the native Keras format, e.g. `model.save('my_model.keras')` or `keras.saving.save_model(model, 'my_model.keras')`. ]
[2026-01-27 17:54:07,082: INFO: prepare_base_model: Model saved at: artifacts\prepare_base_model\base_model_updated.h5]
[2026-01-27 17:54:07,084: INFO: main: >>>>>> Stage Prepare base model completed <<<<<<

x==========x]
[2026-01-27 17:54:07,084: INFO: main: *******************]
[2026-01-27 17:54:07,084: INFO: main: >>>>>> stage Model Training started <<<<<<]
[2026-01-27 17:54:07,086: INFO: common: yaml file: config\config.yaml loaded successfully]
[2026-01-27 17:54:07,087: INFO: common: yaml file: params.yaml loaded successfully]
[2026-01-27 17:54:07,088: INFO: common: created directory at: artifacts]
[2026-01-27 17:54:07,088: INFO: common: created directory at: artifacts\training]
[2026-01-27 17:54:07,130: WARNING: saving_utils: Compiled the loaded model, but the compiled metrics have yet to be built. `model.compile_metrics` will be empty until you train or evaluate the model.]
[2026-01-27 17:54:09,379: INFO: main: >>>>>> stage Model Training completed <<<<<<

x==========x]
[2026-01-27 17:54:09,379: INFO: main: *******************]
[2026-01-27 17:54:09,379: INFO: main: >>>>>> stage Evaluation stage started <<<<<<]
[2026-01-27 17:54:09,380: INFO: common: yaml file: config\config.yaml loaded successfully]
[2026-01-27 17:54:09,383: INFO: common: yaml file: params.yaml loaded successfully]
[2026-01-27 17:54:09,383: INFO: common: created directory at: artifacts]
[2026-01-27 17:54:29,167: INFO: common: json file saved at: scores.json]
[2026-01-27 17:54:29,170: INFO: common: json file saved at: scores.json]
[2026-01-27 17:54:30,484: ERROR: main: API request to endpoint /api/2.0/mlflow/runs/create failed with error code 403 != 200. Response body: '']
Traceback (most recent call last):
  File "C:\Users\artit\IKP_2025\fraud_prediction\main.py", line 45, in <module>
    model_evalution.main()
  File "C:\Users\artit\IKP_2025\fraud_prediction\src\fraud_prediction\pipeline\stage_04_model_evaluation.py", line 20, in main
    evaluation.log_into_mlflow()
  File "C:\Users\artit\IKP_2025\fraud_prediction\src\fraud_prediction\components\model_evaluation_mlflow.py", line 97, in log_into_mlflow
    with mlflow.start_run(run_name=auto_run_name):
  File "C:\Users\artit\miniconda3\envs\fraud_final\lib\site-packages\mlflow\tracking\fluent.py", line 539, in start_run
    active_run_obj = client.create_run(
  File "C:\Users\artit\miniconda3\envs\fraud_final\lib\site-packages\mlflow\tracking\client.py", line 494, in create_run
    return self._tracking_client.create_run(experiment_id, start_time, tags, run_name)
  File "C:\Users\artit\miniconda3\envs\fraud_final\lib\site-packages\mlflow\telemetry\track.py", line 30, in wrapper
    result = func(*args, **kwargs)
  File "C:\Users\artit\miniconda3\envs\fraud_final\lib\site-packages\mlflow\tracking\_tracking_service\client.py", line 183, in create_run
    return self.store.create_run(
  File "C:\Users\artit\miniconda3\envs\fraud_final\lib\site-packages\mlflow\store\tracking\rest_store.py", line 359, in create_run
    response_proto = self._call_endpoint(CreateRun, req_body)
  File "C:\Users\artit\miniconda3\envs\fraud_final\lib\site-packages\mlflow\store\tracking\rest_store.py", line 222, in _call_endpoint
    return call_endpoint(
  File "C:\Users\artit\miniconda3\envs\fraud_final\lib\site-packages\mlflow\utils\rest_utils.py", line 596, in call_endpoint
    response = verify_rest_response(response, endpoint)
  File "C:\Users\artit\miniconda3\envs\fraud_final\lib\site-packages\mlflow\utils\rest_utils.py", line 321, in verify_rest_response
    raise MlflowException(
mlflow.exceptions.MlflowException: API request to endpoint /api/2.0/mlflow/runs/create failed with error code 403 != 200. Response body: ''
[2026-01-27 17:56:15,597: INFO: utils: Note: NumExpr detected 22 cores but "NUMEXPR_MAX_THREADS" not set, so enforcing safe limit of 16.]
[2026-01-27 17:56:15,598: INFO: utils: NumExpr defaulting to 16 threads.]
[2026-01-27 17:56:17,898: INFO: main: >>>>>> Stage Data Ingestion stage started <<<<<<]
[2026-01-27 17:56:17,900: INFO: common: yaml file: config\config.yaml loaded successfully]
[2026-01-27 17:56:17,901: INFO: common: yaml file: params.yaml loaded successfully]
[2026-01-27 17:56:17,901: INFO: common: created directory at: artifacts]
[2026-01-27 17:56:17,901: INFO: common: created directory at: artifacts/data_ingestion]
[2026-01-27 17:56:17,902: INFO: data_ingestion: Removed corrupted file : artifacts/data_ingestion/fraud_data.zip]
[2026-01-27 17:56:17,902: INFO: data_ingestion: Downloading data from : 1xHzaCHq6gEXFmYN2Cc2Yb1jVxaAayb2y]
[2026-01-27 17:56:19,899: INFO: data_ingestion: Downloaded successfully into artifacts/data_ingestion/fraud_data.zip]
[2026-01-27 17:56:19,899: INFO: main: >>>>>> Stage Data Ingestion stage completed <<<<<<

x==========x]
[2026-01-27 17:56:19,899: INFO: main: ***************]
[2026-01-27 17:56:19,900: INFO: main: >>>>>> Stage Prepare base model started <<<<<<]
[2026-01-27 17:56:19,902: INFO: common: yaml file: config\config.yaml loaded successfully]
[2026-01-27 17:56:19,903: INFO: common: yaml file: params.yaml loaded successfully]
[2026-01-27 17:56:19,903: INFO: common: created directory at: artifacts]
[2026-01-27 17:56:19,904: INFO: common: created directory at: artifacts/prepare_base_model]
[2026-01-27 17:56:19,958: WARNING: saving_api: You are saving your model as an HDF5 file via `model.save()` or `keras.saving.save_model(model)`. This file format is considered legacy. We recommend using instead the native Keras format, e.g. `model.save('my_model.keras')` or `keras.saving.save_model(model, 'my_model.keras')`. ]
[2026-01-27 17:56:19,995: INFO: prepare_base_model: Model saved at: artifacts\prepare_base_model\base_model.h5]
[2026-01-27 17:56:20,019: WARNING: saving_api: You are saving your model as an HDF5 file via `model.save()` or `keras.saving.save_model(model)`. This file format is considered legacy. We recommend using instead the native Keras format, e.g. `model.save('my_model.keras')` or `keras.saving.save_model(model, 'my_model.keras')`. ]
[2026-01-27 17:56:20,031: INFO: prepare_base_model: Model saved at: artifacts\prepare_base_model\base_model_updated.h5]
[2026-01-27 17:56:20,032: INFO: main: >>>>>> Stage Prepare base model completed <<<<<<

x==========x]
[2026-01-27 17:56:20,032: INFO: main: *******************]
[2026-01-27 17:56:20,032: INFO: main: >>>>>> stage Model Training started <<<<<<]
[2026-01-27 17:56:20,033: INFO: common: yaml file: config\config.yaml loaded successfully]
[2026-01-27 17:56:20,034: INFO: common: yaml file: params.yaml loaded successfully]
[2026-01-27 17:56:20,035: INFO: common: created directory at: artifacts]
[2026-01-27 17:56:20,035: INFO: common: created directory at: artifacts\training]
[2026-01-27 17:56:20,083: WARNING: saving_utils: Compiled the loaded model, but the compiled metrics have yet to be built. `model.compile_metrics` will be empty until you train or evaluate the model.]
[2026-01-27 17:56:22,383: INFO: main: >>>>>> stage Model Training completed <<<<<<

x==========x]
[2026-01-27 17:56:22,383: INFO: main: *******************]
[2026-01-27 17:56:22,383: INFO: main: >>>>>> stage Evaluation stage started <<<<<<]
[2026-01-27 17:56:22,385: INFO: common: yaml file: config\config.yaml loaded successfully]
[2026-01-27 17:56:22,387: INFO: common: yaml file: params.yaml loaded successfully]
[2026-01-27 17:56:22,387: INFO: common: created directory at: artifacts]
[2026-01-27 17:56:41,918: INFO: common: json file saved at: scores.json]
[2026-01-27 17:56:41,919: INFO: common: json file saved at: scores.json]
[2026-01-27 17:57:16,797: INFO: main: >>>>>> stage Evaluation stage completed <<<<<<

x==========x]
[2026-01-28 10:00:15,979: INFO: utils: Note: NumExpr detected 22 cores but "NUMEXPR_MAX_THREADS" not set, so enforcing safe limit of 16.]
[2026-01-28 10:00:15,979: INFO: utils: NumExpr defaulting to 16 threads.]
[2026-01-28 10:00:18,919: INFO: main: >>>>>> Stage Data Ingestion stage started <<<<<<]
[2026-01-28 10:00:18,930: INFO: common: yaml file: config\config.yaml loaded successfully]
[2026-01-28 10:00:18,946: INFO: common: yaml file: params.yaml loaded successfully]
[2026-01-28 10:00:18,946: INFO: common: created directory at: artifacts]
[2026-01-28 10:00:18,946: INFO: common: created directory at: artifacts/data_ingestion]
[2026-01-28 10:00:18,948: INFO: data_ingestion: Removed corrupted file : artifacts/data_ingestion/fraud_data.zip]
[2026-01-28 10:00:18,948: INFO: data_ingestion: Downloading data from : 1xHzaCHq6gEXFmYN2Cc2Yb1jVxaAayb2y]
[2026-01-28 10:00:21,020: INFO: data_ingestion: Downloaded successfully into artifacts/data_ingestion/fraud_data.zip]
[2026-01-28 10:00:21,020: INFO: main: >>>>>> Stage Data Ingestion stage completed <<<<<<

x==========x]
[2026-01-28 10:00:21,020: INFO: main: ***************]
[2026-01-28 10:00:21,020: INFO: main: >>>>>> Stage Prepare base model started <<<<<<]
[2026-01-28 10:00:21,020: INFO: common: yaml file: config\config.yaml loaded successfully]
[2026-01-28 10:00:21,020: INFO: common: yaml file: params.yaml loaded successfully]
[2026-01-28 10:00:21,020: INFO: common: created directory at: artifacts]
[2026-01-28 10:00:21,025: INFO: common: created directory at: artifacts/prepare_base_model]
[2026-01-28 10:00:21,078: WARNING: saving_api: You are saving your model as an HDF5 file via `model.save()` or `keras.saving.save_model(model)`. This file format is considered legacy. We recommend using instead the native Keras format, e.g. `model.save('my_model.keras')` or `keras.saving.save_model(model, 'my_model.keras')`. ]
[2026-01-28 10:00:21,104: INFO: prepare_base_model: Model saved at: artifacts\prepare_base_model\base_model.h5]
[2026-01-28 10:00:21,126: WARNING: saving_api: You are saving your model as an HDF5 file via `model.save()` or `keras.saving.save_model(model)`. This file format is considered legacy. We recommend using instead the native Keras format, e.g. `model.save('my_model.keras')` or `keras.saving.save_model(model, 'my_model.keras')`. ]
[2026-01-28 10:00:21,147: INFO: prepare_base_model: Model saved at: artifacts\prepare_base_model\base_model_updated.h5]
[2026-01-28 10:00:21,148: INFO: main: >>>>>> Stage Prepare base model completed <<<<<<

x==========x]
[2026-01-28 10:00:21,148: INFO: main: *******************]
[2026-01-28 10:00:21,148: INFO: main: >>>>>> stage Model Training started <<<<<<]
[2026-01-28 10:00:21,150: INFO: common: yaml file: config\config.yaml loaded successfully]
[2026-01-28 10:00:21,152: INFO: common: yaml file: params.yaml loaded successfully]
[2026-01-28 10:00:21,152: INFO: common: created directory at: artifacts]
[2026-01-28 10:00:21,153: INFO: common: created directory at: artifacts\training]
[2026-01-28 10:00:21,198: WARNING: saving_utils: Compiled the loaded model, but the compiled metrics have yet to be built. `model.compile_metrics` will be empty until you train or evaluate the model.]
[2026-01-28 10:00:23,952: INFO: main: >>>>>> stage Model Training completed <<<<<<

x==========x]
[2026-01-28 10:00:23,952: INFO: main: *******************]
[2026-01-28 10:00:23,952: INFO: main: >>>>>> stage Evaluation stage started <<<<<<]
[2026-01-28 10:00:23,952: INFO: common: yaml file: config\config.yaml loaded successfully]
[2026-01-28 10:00:23,952: INFO: common: yaml file: params.yaml loaded successfully]
[2026-01-28 10:00:23,952: INFO: common: created directory at: artifacts]
[2026-01-28 10:00:43,618: INFO: common: json file saved at: scores.json]
[2026-01-28 10:00:43,619: INFO: common: json file saved at: scores.json]
[2026-01-28 10:01:22,297: INFO: main: >>>>>> stage Evaluation stage completed <<<<<<

x==========x]
[2026-01-28 10:03:52,028: INFO: utils: Note: NumExpr detected 22 cores but "NUMEXPR_MAX_THREADS" not set, so enforcing safe limit of 16.]
[2026-01-28 10:03:52,028: INFO: utils: NumExpr defaulting to 16 threads.]
[2026-01-28 10:03:54,380: INFO: main: >>>>>> Stage Data Ingestion stage started <<<<<<]
[2026-01-28 10:03:54,384: INFO: common: yaml file: config\config.yaml loaded successfully]
[2026-01-28 10:03:54,401: INFO: common: yaml file: params.yaml loaded successfully]
[2026-01-28 10:03:54,402: INFO: common: created directory at: artifacts]
[2026-01-28 10:03:54,402: INFO: common: created directory at: artifacts/data_ingestion]
[2026-01-28 10:03:54,403: INFO: data_ingestion: Removed corrupted file : artifacts/data_ingestion/fraud_data.zip]
[2026-01-28 10:03:54,403: INFO: data_ingestion: Downloading data from : 1xHzaCHq6gEXFmYN2Cc2Yb1jVxaAayb2y]
[2026-01-28 10:03:56,562: INFO: data_ingestion: Downloaded successfully into artifacts/data_ingestion/fraud_data.zip]
[2026-01-28 10:03:56,562: INFO: main: >>>>>> Stage Data Ingestion stage completed <<<<<<

x==========x]
[2026-01-28 10:03:56,562: INFO: main: ***************]
[2026-01-28 10:03:56,562: INFO: main: >>>>>> Stage Prepare base model started <<<<<<]
[2026-01-28 10:03:56,562: INFO: common: yaml file: config\config.yaml loaded successfully]
[2026-01-28 10:03:56,562: INFO: common: yaml file: params.yaml loaded successfully]
[2026-01-28 10:03:56,568: INFO: common: created directory at: artifacts]
[2026-01-28 10:03:56,568: INFO: common: created directory at: artifacts/prepare_base_model]
[2026-01-28 10:03:56,626: WARNING: saving_api: You are saving your model as an HDF5 file via `model.save()` or `keras.saving.save_model(model)`. This file format is considered legacy. We recommend using instead the native Keras format, e.g. `model.save('my_model.keras')` or `keras.saving.save_model(model, 'my_model.keras')`. ]
[2026-01-28 10:03:56,655: INFO: prepare_base_model: Model saved at: artifacts\prepare_base_model\base_model.h5]
[2026-01-28 10:03:56,684: WARNING: saving_api: You are saving your model as an HDF5 file via `model.save()` or `keras.saving.save_model(model)`. This file format is considered legacy. We recommend using instead the native Keras format, e.g. `model.save('my_model.keras')` or `keras.saving.save_model(model, 'my_model.keras')`. ]
[2026-01-28 10:03:56,701: INFO: prepare_base_model: Model saved at: artifacts\prepare_base_model\base_model_updated.h5]
[2026-01-28 10:03:56,701: INFO: main: >>>>>> Stage Prepare base model completed <<<<<<

x==========x]
[2026-01-28 10:03:56,701: INFO: main: *******************]
[2026-01-28 10:03:56,701: INFO: main: >>>>>> stage Model Training started <<<<<<]
[2026-01-28 10:03:56,703: INFO: common: yaml file: config\config.yaml loaded successfully]
[2026-01-28 10:03:56,705: INFO: common: yaml file: params.yaml loaded successfully]
[2026-01-28 10:03:56,705: INFO: common: created directory at: artifacts]
[2026-01-28 10:03:56,706: INFO: common: created directory at: artifacts\training]
[2026-01-28 10:03:56,760: WARNING: saving_utils: Compiled the loaded model, but the compiled metrics have yet to be built. `model.compile_metrics` will be empty until you train or evaluate the model.]
[2026-01-28 10:03:59,711: INFO: main: >>>>>> stage Model Training completed <<<<<<

x==========x]
[2026-01-28 10:03:59,712: INFO: main: *******************]
[2026-01-28 10:03:59,712: INFO: main: >>>>>> stage Evaluation stage started <<<<<<]
[2026-01-28 10:03:59,713: INFO: common: yaml file: config\config.yaml loaded successfully]
[2026-01-28 10:03:59,714: INFO: common: yaml file: params.yaml loaded successfully]
[2026-01-28 10:03:59,714: INFO: common: created directory at: artifacts]
[2026-01-28 10:04:19,856: INFO: common: json file saved at: scores.json]
[2026-01-28 10:04:19,857: INFO: common: json file saved at: scores.json]
[2026-01-28 10:05:03,677: INFO: main: >>>>>> stage Evaluation stage completed <<<<<<

x==========x]
[2026-01-28 10:07:35,318: INFO: utils: Note: NumExpr detected 22 cores but "NUMEXPR_MAX_THREADS" not set, so enforcing safe limit of 16.]
[2026-01-28 10:07:35,318: INFO: utils: NumExpr defaulting to 16 threads.]
[2026-01-28 10:07:37,696: INFO: main: >>>>>> Stage Data Ingestion stage started <<<<<<]
[2026-01-28 10:07:37,698: INFO: common: yaml file: config\config.yaml loaded successfully]
[2026-01-28 10:07:37,700: INFO: common: yaml file: params.yaml loaded successfully]
[2026-01-28 10:07:37,701: INFO: common: created directory at: artifacts]
[2026-01-28 10:07:37,701: INFO: common: created directory at: artifacts/data_ingestion]
[2026-01-28 10:07:37,702: INFO: data_ingestion: Removed corrupted file : artifacts/data_ingestion/fraud_data.zip]
[2026-01-28 10:07:37,702: INFO: data_ingestion: Downloading data from : 1xHzaCHq6gEXFmYN2Cc2Yb1jVxaAayb2y]
[2026-01-28 10:07:39,953: INFO: data_ingestion: Downloaded successfully into artifacts/data_ingestion/fraud_data.zip]
[2026-01-28 10:07:39,954: INFO: main: >>>>>> Stage Data Ingestion stage completed <<<<<<

x==========x]
[2026-01-28 10:07:39,954: INFO: main: ***************]
[2026-01-28 10:07:39,954: INFO: main: >>>>>> Stage Prepare base model started <<<<<<]
[2026-01-28 10:07:39,955: INFO: common: yaml file: config\config.yaml loaded successfully]
[2026-01-28 10:07:39,956: INFO: common: yaml file: params.yaml loaded successfully]
[2026-01-28 10:07:39,956: INFO: common: created directory at: artifacts]
[2026-01-28 10:07:39,957: INFO: common: created directory at: artifacts/prepare_base_model]
[2026-01-28 10:07:40,013: WARNING: saving_api: You are saving your model as an HDF5 file via `model.save()` or `keras.saving.save_model(model)`. This file format is considered legacy. We recommend using instead the native Keras format, e.g. `model.save('my_model.keras')` or `keras.saving.save_model(model, 'my_model.keras')`. ]
[2026-01-28 10:07:40,048: INFO: prepare_base_model: Model saved at: artifacts\prepare_base_model\base_model.h5]
[2026-01-28 10:07:40,070: WARNING: saving_api: You are saving your model as an HDF5 file via `model.save()` or `keras.saving.save_model(model)`. This file format is considered legacy. We recommend using instead the native Keras format, e.g. `model.save('my_model.keras')` or `keras.saving.save_model(model, 'my_model.keras')`. ]
[2026-01-28 10:07:40,081: INFO: prepare_base_model: Model saved at: artifacts\prepare_base_model\base_model_updated.h5]
[2026-01-28 10:07:40,081: INFO: main: >>>>>> Stage Prepare base model completed <<<<<<

x==========x]
[2026-01-28 10:07:40,082: INFO: main: *******************]
[2026-01-28 10:07:40,082: INFO: main: >>>>>> stage Model Training started <<<<<<]
[2026-01-28 10:07:40,086: INFO: common: yaml file: config\config.yaml loaded successfully]
[2026-01-28 10:07:40,087: INFO: common: yaml file: params.yaml loaded successfully]
[2026-01-28 10:07:40,088: INFO: common: created directory at: artifacts]
[2026-01-28 10:07:40,089: INFO: common: created directory at: artifacts\training]
[2026-01-28 10:07:40,133: WARNING: saving_utils: Compiled the loaded model, but the compiled metrics have yet to be built. `model.compile_metrics` will be empty until you train or evaluate the model.]
[2026-01-28 10:07:43,344: INFO: main: >>>>>> stage Model Training completed <<<<<<

x==========x]
[2026-01-28 10:07:43,346: INFO: main: *******************]
[2026-01-28 10:07:43,346: INFO: main: >>>>>> stage Evaluation stage started <<<<<<]
[2026-01-28 10:07:43,348: INFO: common: yaml file: config\config.yaml loaded successfully]
[2026-01-28 10:07:43,349: INFO: common: yaml file: params.yaml loaded successfully]
[2026-01-28 10:07:43,349: INFO: common: created directory at: artifacts]
[2026-01-28 10:08:03,119: INFO: common: json file saved at: scores.json]
[2026-01-28 10:08:03,120: INFO: common: json file saved at: scores.json]
[2026-01-28 10:08:39,892: INFO: main: >>>>>> stage Evaluation stage completed <<<<<<

x==========x]
[2026-01-28 10:20:30,603: INFO: utils: Note: NumExpr detected 22 cores but "NUMEXPR_MAX_THREADS" not set, so enforcing safe limit of 16.]
[2026-01-28 10:20:30,604: INFO: utils: NumExpr defaulting to 16 threads.]
[2026-01-28 10:20:32,908: INFO: main: >>>>>> Stage Data Ingestion stage started <<<<<<]
[2026-01-28 10:20:32,911: INFO: common: yaml file: config\config.yaml loaded successfully]
[2026-01-28 10:20:32,927: INFO: common: yaml file: params.yaml loaded successfully]
[2026-01-28 10:20:32,929: INFO: common: created directory at: artifacts]
[2026-01-28 10:20:32,929: INFO: common: created directory at: artifacts/data_ingestion]
[2026-01-28 10:20:32,930: INFO: data_ingestion: Removed corrupted file : artifacts/data_ingestion/fraud_data.zip]
[2026-01-28 10:20:32,930: INFO: data_ingestion: Downloading data from : 1xHzaCHq6gEXFmYN2Cc2Yb1jVxaAayb2y]
[2026-01-28 10:20:35,001: INFO: data_ingestion: Downloaded successfully into artifacts/data_ingestion/fraud_data.zip]
[2026-01-28 10:20:35,001: INFO: main: >>>>>> Stage Data Ingestion stage completed <<<<<<

x==========x]
[2026-01-28 10:20:35,001: INFO: main: ***************]
[2026-01-28 10:20:35,002: INFO: main: >>>>>> Stage Prepare base model started <<<<<<]
[2026-01-28 10:20:35,003: INFO: common: yaml file: config\config.yaml loaded successfully]
[2026-01-28 10:20:35,004: INFO: common: yaml file: params.yaml loaded successfully]
[2026-01-28 10:20:35,004: INFO: common: created directory at: artifacts]
[2026-01-28 10:20:35,005: INFO: common: created directory at: artifacts/prepare_base_model]
[2026-01-28 10:20:35,063: WARNING: saving_api: You are saving your model as an HDF5 file via `model.save()` or `keras.saving.save_model(model)`. This file format is considered legacy. We recommend using instead the native Keras format, e.g. `model.save('my_model.keras')` or `keras.saving.save_model(model, 'my_model.keras')`. ]
[2026-01-28 10:20:35,095: INFO: prepare_base_model: Model saved at: artifacts\prepare_base_model\base_model.h5]
[2026-01-28 10:20:35,116: WARNING: saving_api: You are saving your model as an HDF5 file via `model.save()` or `keras.saving.save_model(model)`. This file format is considered legacy. We recommend using instead the native Keras format, e.g. `model.save('my_model.keras')` or `keras.saving.save_model(model, 'my_model.keras')`. ]
[2026-01-28 10:20:35,131: INFO: prepare_base_model: Model saved at: artifacts\prepare_base_model\base_model_updated.h5]
[2026-01-28 10:20:35,131: INFO: main: >>>>>> Stage Prepare base model completed <<<<<<

x==========x]
[2026-01-28 10:20:35,132: INFO: main: *******************]
[2026-01-28 10:20:35,132: INFO: main: >>>>>> stage Model Training started <<<<<<]
[2026-01-28 10:20:35,134: INFO: common: yaml file: config\config.yaml loaded successfully]
[2026-01-28 10:20:35,135: INFO: common: yaml file: params.yaml loaded successfully]
[2026-01-28 10:20:35,135: INFO: common: created directory at: artifacts]
[2026-01-28 10:20:35,135: INFO: common: created directory at: artifacts\training]
[2026-01-28 10:20:35,179: WARNING: saving_utils: Compiled the loaded model, but the compiled metrics have yet to be built. `model.compile_metrics` will be empty until you train or evaluate the model.]
[2026-01-28 10:20:37,295: INFO: main: >>>>>> stage Model Training completed <<<<<<

x==========x]
[2026-01-28 10:20:37,295: INFO: main: *******************]
[2026-01-28 10:20:37,297: INFO: main: >>>>>> stage Evaluation stage started <<<<<<]
[2026-01-28 10:20:37,299: INFO: common: yaml file: config\config.yaml loaded successfully]
[2026-01-28 10:20:37,301: INFO: common: yaml file: params.yaml loaded successfully]
[2026-01-28 10:20:37,301: INFO: common: created directory at: artifacts]
[2026-01-28 10:20:57,176: INFO: common: json file saved at: scores.json]
[2026-01-28 10:20:57,177: INFO: common: json file saved at: scores.json]
[2026-01-28 10:21:33,764: INFO: main: >>>>>> stage Evaluation stage completed <<<<<<

x==========x]
